*******************************************
***COMSOL 6.4.0.293 progress output file***
*******************************************
Thu Sep 03 14:35:27 CST 2026
COMSOL Multiphysics 6.4 (开发版本: 293) 在批处理模式下启动
正在运行: E:\imp\imp\project\muon-ion_beam\comsol_muon_stage1_feasibility\RunMuonStage1Cases.class
           当前进度:   2 % - 生成方程
Memory: 582/582 587/587
           当前进度:   3 % - 生成方程
Memory: 589/595 594/601
<---- Study 2 - Charged particle tracing time dependent/解 2 (sol2) 中的“编译方程: 瞬态” -
开始于 2026年9月3日 14:35:40。
几何形函数: 二次拉格朗日单元
几何形函数: 二次拉格朗日单元
在 Intel64 Family 6 Model 186 Stepping 2, GenuineIntel 上运行。
在以下位置使用 1 个插槽： 陈红星 上（共 1 个内核）。
可用内存：15.90 GB。
           当前进度:   3 % - 编译方程: 瞬态
Memory: 612/615 616/620
           当前进度:   5 % - 编译方程: 瞬态
Memory: 621/622 623/624
           当前进度:   5 % - 正在创建可视化网格
Memory: 638/638 680/683
时间：1。
物理内存: 650 MB
虚拟内存: 683 MB
结束时间：2026年9月3日 14:35:41。
----- Study 2 - Charged particle tracing time dependent/解 2 (sol2) 中的“编译方程: 瞬态” >
<---- Study 2 - Charged particle tracing time dependent/解 2 (sol2) 中的“因变量 1” ---
开始于 2026年9月3日 14:35:41。
不求解变量的值: 解 1 (sol1).
           当前进度:   5 % - 因变量 1
Memory: 653/653 681/683
求解时间：0 s。
物理内存: 653 MB
虚拟内存: 683 MB
结束时间：2026年9月3日 14:35:41。
----- Study 2 - Charged particle tracing time dependent/解 2 (sol2) 中的“因变量 1” -->
<---- Study 2 - Charged particle tracing time dependent/解 2 (sol2) 中的“瞬态求解器 1” -
开始于 2026年9月3日 14:35:41。
瞬态求解器（广义 α）
求解的自由度数：4（加上 4 个内部自由度）。
找到非对称矩阵。
缩放因变量：
颗粒位置 (comp1.qcpt): 4.3e-08
粒子位置，phi 分量 (comp1.qphi): 1
粒子速度，phi 分量 (comp1.vphi): 3.7e-05
Step        Time    Stepsize      Res  Jac  Sol Order Tfail NLfail LinIt   LinErr   LinRes
   0           0           - out    2    3    2                  0     0        0        0
   1       6e-11       6e-11       10    5   10     2     0      1    21  1.5e-08        -
   4    2.09e-10     4.1e-11       20    7   20     2     0      1    48  3.7e-11        -
  10    4.55e-10     4.1e-11       33    8   33     2     0      1    80  1.7e-09        -
  15   5.675e-10    2.25e-11       43    9   43     2     0      1   104  1.5e-10        -
  21   7.025e-10    2.25e-11       58    9   58     2     0      1   140    4e-10        -
  25    7.75e-10     2.5e-11       67   11   67     2     0      1   161  3.3e-11        -
  30       9e-10     2.5e-11       79   11   79     2     0      1   190  6.2e-10        -
  35   1.025e-09     2.5e-11       94   11   94     2     0      1   225  2.3e-09        -
  40   1.175e-09       5e-11      108   12  108     2     0      1   258  1.5e-08        -
  42    1.25e-09    3.75e-11 out  116   14  116     2     0      1   280  1.8e-09        -
  47  1.4337e-09   3.375e-11      132   15  132     2     0      1   321  5.3e-10        -
  52  1.5994e-09  3.3125e-11      145   16  145     2     0      1   352  3.4e-09        -
  56  1.7244e-09  2.5625e-11      160   17  160     2     0      1   389  1.3e-07        -
  61  1.8525e-09  2.5625e-11      172   18  172     2     0      1   415  8.2e-07        -
  66  1.9775e-09    2.25e-11      190   19  190     2     0      1   459  9.3e-09        -
  71  2.1575e-09     4.5e-11      200   21  200     2     0      1   482  3.9e-09        -
  75  2.2975e-09    4.75e-11      209   23  209     2     0      1   502  6.4e-08        -
  81    2.56e-09       6e-11      221   25  221     2     0      1   530  2.3e-07        -
  86    2.82e-09       7e-11      231   27  231     2     0      1   553  7.5e-07        -
  92    3.75e-09     2.5e-10 out  238   29  238     2     0      1   558        0        -
 102    6.25e-09     2.5e-10 out  248   29  248     2     0      1   558        0        -
 113       9e-09     2.5e-10 out  259   29  259     2     0      1   558        0        -
 126   1.225e-08     2.5e-10 out  272   29  272     2     0      1   558        0        -
 137     1.5e-08     2.5e-10 out  283   29  283     2     0      1   558        0        -
 150   1.825e-08     2.5e-10 out  296   29  296     2     0      1   558        0        -
 164   2.175e-08     2.5e-10 out  310   29  310     2     0      1   558        0        -
--         当前进度:  25 % - 正在组装残差
Memory: 675/676 686/686
 176   2.475e-08     2.5e-10 out  322   29  322     2     0      1   558        0        -
 190   2.825e-08     2.5e-10 out  336   29  336     2     0      1   558        0        -
 205     3.2e-08     2.5e-10 out  351   29  351     2     0      1   558        0        -
 219    3.55e-08     2.5e-10 out  365   29  365     2     0      1   558        0        -
 234   3.925e-08     2.5e-10 out  380   29  380     2     0      1   558        0        -
 249     4.3e-08     2.5e-10 out  395   29  395     2     0      1   558        0        -
 264   4.675e-08     2.5e-10 out  410   29  410     2     0      1   558        0        -
 278   5.025e-08     2.5e-10 out  424   29  424     2     0      1   558        0        -
 291    5.35e-08     2.5e-10 out  437   29  437     2     0      1   558        0        -
 307    5.75e-08     2.5e-10 out  453   29  453     2     0      1   558        0        -
 319    6.05e-08     2.5e-10 out  465   29  465     2     0      1   558        0        -
 334   6.425e-08     2.5e-10 out  480   29  480     2     0      1   558        0        -
 349     6.8e-08     2.5e-10 out  495   29  495     2     0      1   558        0        -
 363    7.15e-08     2.5e-10 out  509   29  509     2     0      1   558        0        -
 378   7.525e-08     2.5e-10 out  524   29  524     2     0      1   558        0        -
 393     7.9e-08     2.5e-10 out  539   29  539     2     0      1   558        0        -
 409     8.3e-08     2.5e-10 out  555   29  555     2     0      1   558        0        -
 424   8.675e-08     2.5e-10 out  570   29  570     2     0      1   558        0        -
 440   9.075e-08     2.5e-10 out  586   29  586     2     0      1   558        0        -
 457     9.5e-08     2.5e-10 out  603   29  603     2     0      1   558        0        -
 474   9.925e-08     2.5e-10 out  620   29  620     2     0      1   558        0        -
 489    1.03e-07     2.5e-10 out  635   29  635     2     0      1   558        0        -
 506  1.0725e-07     2.5e-10 out  652   29  652     2     0      1   558        0        -
 520  1.1075e-07     2.5e-10 out  666   29  666     2     0      1   558        0        -
 536  1.1475e-07     2.5e-10 out  682   29  682     2     0      1   558        0        -
 552  1.1875e-07     2.5e-10 out  698   29  698     2     0      1   558        0        -
 557     1.2e-07     2.5e-10 out  703   29  703     2     0      1   558        0        -
---------- 当前进度: 100 % - 
求解时间：1 s。
物理内存: 676 MB
虚拟内存: 686 MB
结束时间：2026年9月3日 14:35:42。
----- Study 2 - Charged particle tracing time dependent/解 2 (sol2) 中的“瞬态求解器 1” >
           当前进度:   0 % - 
Memory: 690/690 686/686
-----      当前进度:  55 % - 正在计算
Memory: 688/695 688/690
---------- 当前进度: 100 % - 正在计算
Memory: 690/695 686/690
-          当前进度:  10 % - 正在绘制
Memory: 691/695 686/690
---------  当前进度:  99 % - 正在计算
Memory: 692/695 687/690
---        当前进度:  30 % - 生成图像
Memory: 753/753 720/720
           当前进度:   0 % - 正在绘制
Memory: 801/868 782/811
           当前进度:   9 % - 正在计算
-          当前进度:  10 % - 正在绘制
---------- 当前进度: 100 % - 正在绘制
---        当前进度:  30 % - 生成图像
Memory: 822/868 786/811
           当前进度:   0 % - Study 2 - Charged particle tracing time dependent
Memory: 824/888 803/830
           当前进度:   3 % - Study 2 - Charged particle tracing time dependent
Memory: 825/888 805/830
<---- Study 2 - Charged particle tracing time dependent/解 2 (sol2) 中的“编译方程: 瞬态” -
开始于 2026年9月3日 14:35:47。
几何形函数: 二次拉格朗日单元
几何形函数: 二次拉格朗日单元
在 Intel64 Family 6 Model 186 Stepping 2, GenuineIntel 上运行。
在以下位置使用 1 个插槽： 陈红星 上（共 1 个内核）。
可用内存：15.90 GB。
           当前进度:   3 % - 生成方程
Memory: 829/888 809/830
           当前进度:   5 % - 编译方程: 瞬态
Memory: 813/888 795/830
           当前进度:   5 % - 正在创建可视化网格
Memory: 819/888 803/830
时间：1。
物理内存: 830 MB
虚拟内存: 809 MB
结束时间：2026年9月3日 14:35:48。
----- Study 2 - Charged particle tracing time dependent/解 2 (sol2) 中的“编译方程: 瞬态” >
<---- Study 2 - Charged particle tracing time dependent/解 2 (sol2) 中的“因变量 1” ---
开始于 2026年9月3日 14:35:48。
不求解变量的值: 解 1 (sol1).
           当前进度:   5 % - 因变量 1
Memory: 825/888 815/830
求解时间：0 s。
物理内存: 825 MB
虚拟内存: 815 MB
结束时间：2026年9月3日 14:35:48。
----- Study 2 - Charged particle tracing time dependent/解 2 (sol2) 中的“因变量 1” -->
<---- Study 2 - Charged particle tracing time dependent/解 2 (sol2) 中的“瞬态求解器 1” -
开始于 2026年9月3日 14:35:48。
瞬态求解器（广义 α）
求解的自由度数：4（加上 4 个内部自由度）。
找到非对称矩阵。
缩放因变量：
颗粒位置 (comp1.qcpt): 4.3e-08
粒子位置，phi 分量 (comp1.qphi): 1
粒子速度，phi 分量 (comp1.vphi): 1.2e-05
Step        Time    Stepsize      Res  Jac  Sol Order Tfail NLfail LinIt   LinErr   LinRes
   0           0           - out    2    3    2                  0     0        0        0
   1       3e-11       3e-11       14    6   14     2     0      2    25    4e-14        -
   8     2.3e-10       2e-11       28    8   28     2     0      2    58    1e-07        -
  13     4.1e-10       4e-11       38    9   38     2     0      2    83  3.8e-09        -
  20       6e-10     2.5e-11       52   10   52     2     0      2   117  4.2e-10        -
  26     7.5e-10     2.5e-11 out   69   10   69     2     0      2   157  1.3e-09        -
  30     8.5e-10     2.5e-11       81   10   81     2     0      2   185  3.4e-09        -
  36       1e-09     2.5e-11 out   99   10   99     2     0      2   227  8.3e-09        -
  42    1.15e-09     2.5e-11      117   10  117     2     0      2   269  1.1e-08        -
  46  1.3445e-09  4.4533e-11      129   12  129     2     0      2   301  5.3e-09        -
  49  1.4547e-09  3.5403e-11      139   15  139     2     0      2   328  6.4e-10        -
  55  1.5906e-09  2.2662e-11      153   16  153     2     0      2   359  7.8e-07        -
  61  1.7266e-09  2.2662e-11      171   16  171     2     0      2   401  8.5e-10        -
  67  1.8435e-09  2.3382e-11      184   18  184     2     0      2   430  2.6e-07        -
  73  1.9802e-09   1.978e-11      205   19  205     2     0      2   479  3.8e-09        -
  78  2.1582e-09  3.9561e-11      216   21  216     2     0      2   504  1.4e-10        -
  83  2.3544e-09  5.2197e-11      227   23  227     2     0      2   529  2.4e-09        -
  87  2.5467e-09  4.6705e-11      239   25  239     2     0      2   558  3.1e-10        -
  91  2.7184e-09   3.159e-11      251   26  251     2     0      2   589  1.3e-08        -
  96   3.125e-09    1.25e-10      259   29  259     2     0      2   602        0        -
 106     5.5e-09     2.5e-10 out  269   30  269     2     0      2   602        0        -
 120       9e-09     2.5e-10 out  283   30  283     2     0      2   602        0        -
 134    1.25e-08     2.5e-10 out  297   30  297     2     0      2   602        0        -
 149   1.625e-08     2.5e-10 out  312   30  312     2     0      2   602        0        -
 164       2e-08     2.5e-10 out  327   30  327     2     0      2   602        0        -
 178    2.35e-08     2.5e-10 out  341   30  341     2     0      2   602        0        -
 192     2.7e-08     2.5e-10 out  355   30  355     2     0      2   602        0        -
 205   3.025e-08     2.5e-10 out  368   30  368     2     0      2   602        0        -
 218    3.35e-08     2.5e-10 out  381   30  381     2     0      2   602        0        -
 233   3.725e-08     2.5e-10 out  396   30  396     2     0      2   602        0        -
 248     4.1e-08     2.5e-10 out  411   30  411     2     0      2   602        0        -
 263   4.475e-08     2.5e-10 out  426   30  426     2     0      2   602        0        -
 278    4.85e-08     2.5e-10 out  441   30  441     2     0      2   602        0        -
 293   5.225e-08     2.5e-10 out  456   30  456     2     0      2   602        0        -
 305   5.525e-08     2.5e-10 out  468   30  468     2     0      2   602        0        -
 320     5.9e-08     2.5e-10 out  483   30  483     2     0      2   602        0        -
 334    6.25e-08     2.5e-10 out  497   30  497     2     0      2   602        0        -
 346    6.55e-08     2.5e-10 out  509   30  509     2     0      2   602        0        -
 360     6.9e-08     2.5e-10 out  523   30  523     2     0      2   602        0        -
 375   7.275e-08     2.5e-10 out  538   30  538     2     0      2   602        0        -
 389   7.625e-08     2.5e-10 out  552   30  552     2     0      2   602        0        -
------     当前进度:  68 % - 
Memory: 828/888 815/830
 401   7.925e-08     2.5e-10 out  564   30  564     2     0      2   602        0        -
 414    8.25e-08     2.5e-10 out  577   30  577     2     0      2   602        0        -
 427   8.575e-08     2.5e-10 out  590   30  590     2     0      2   602        0        -
 441   8.925e-08     2.5e-10 out  604   30  604     2     0      2   602        0        -
 456     9.3e-08     2.5e-10 out  619   30  619     2     0      2   602        0        -
 471   9.675e-08     2.5e-10 out  634   30  634     2     0      2   602        0        -
 483   9.975e-08     2.5e-10 out  646   30  646     2     0      2   602        0        -
 498   1.035e-07     2.5e-10 out  661   30  661     2     0      2   602        0        -
 513  1.0725e-07     2.5e-10 out  676   30  676     2     0      2   602        0        -
 529  1.1125e-07     2.5e-10 out  692   30  692     2     0      2   602        0        -
 544    1.15e-07     2.5e-10 out  707   30  707     2     0      2   602        0        -
 557  1.1825e-07     2.5e-10 out  720   30  720     2     0      2   602        0        -
 564     1.2e-07     2.5e-10 out  727   30  727     2     0      2   602        0        -
---------- 当前进度: 100 % - 
求解时间：0 s。
物理内存: 828 MB
虚拟内存: 815 MB
结束时间：2026年9月3日 14:35:48。
----- Study 2 - Charged particle tracing time dependent/解 2 (sol2) 中的“瞬态求解器 1” >
           当前进度:   0 % - 
------     当前进度:  62 % - 正在计算
---------- 当前进度: 100 % - 正在计算
-          当前进度:  10 % - 正在绘制
Memory: 829/888 815/830
---------  当前进度:  99 % - 正在计算
Memory: 829/888 813/830
---        当前进度:  30 % - 生成图像
Memory: 914/914 860/860
           当前进度:   0 % - 正在绘制
Memory: 848/914 832/860
           当前进度:   9 % - 正在计算
-          当前进度:  10 % - 正在绘制
---------- 当前进度: 100 % - 正在绘制
           当前进度:   0 % - 
Memory: 846/920 833/866
           当前进度:   2 % - 生成方程
Memory: 857/920 841/866
           当前进度:   3 % - 生成方程
Memory: 855/920 839/866
<---- Study 2 - Charged particle tracing time dependent/解 2 (sol2) 中的“编译方程: 瞬态” -
开始于 2026年9月3日 14:35:50。
几何形函数: 二次拉格朗日单元
几何形函数: 二次拉格朗日单元
在 Intel64 Family 6 Model 186 Stepping 2, GenuineIntel 上运行。
在以下位置使用 1 个插槽： 陈红星 上（共 1 个内核）。
可用内存：15.90 GB。
           当前进度:   5 % - 编译方程: 瞬态
Memory: 857/920 840/866
           当前进度:   5 % - 正在创建可视化网格
时间：1。
物理内存: 862 MB
虚拟内存: 1489 MB
结束时间：2026年9月3日 14:35:51。
----- Study 2 - Charged particle tracing time dependent/解 2 (sol2) 中的“编译方程: 瞬态” >
<---- Study 2 - Charged particle tracing time dependent/解 2 (sol2) 中的“因变量 1” ---
开始于 2026年9月3日 14:35:51。
不求解变量的值: 解 1 (sol1).
           当前进度:   5 % - 因变量 1
Memory: 866/920 1489/1489
求解时间：0 s。
物理内存: 866 MB
虚拟内存: 1489 MB
结束时间：2026年9月3日 14:35:51。
----- Study 2 - Charged particle tracing time dependent/解 2 (sol2) 中的“因变量 1” -->
<---- Study 2 - Charged particle tracing time dependent/解 2 (sol2) 中的“瞬态求解器 1” -
开始于 2026年9月3日 14:35:51。
瞬态求解器（广义 α）
求解的自由度数：4（加上 4 个内部自由度）。
找到非对称矩阵。
缩放因变量：
颗粒位置 (comp1.qcpt): 4.3e-08
粒子位置，phi 分量 (comp1.qphi): 1
粒子速度，phi 分量 (comp1.vphi): 3.7e-06
Step        Time    Stepsize      Res  Jac  Sol Order Tfail NLfail LinIt   LinErr   LinRes
   0           0           - out    2    3    2                  0     0        0        0
   1       3e-11       3e-11       14    6   14     2     0      2    24  2.2e-09        -
   6     1.8e-10       3e-11       24    7   24     2     0      2    48  2.3e-10        -
  10     2.9e-10       4e-11       32    9   32     2     0      2    67    6e-11        -
  16       5e-10     2.5e-11 out   44   10   44     2     0      2    96  8.3e-11        -
  22     6.5e-10     2.5e-11       57   10   57     2     0      2   128  3.5e-10        -
  27    7.75e-10     2.5e-11       72   10   72     2     0      2   163  1.7e-09        -
  33    9.25e-10     2.5e-11       90   10   90     2     0      2   205  5.5e-09        -
  38    1.05e-09     2.5e-11      105   10  105     2     0      2   240  9.3e-09        -
  43     1.2e-09       5e-11      119   11  119     2     0      2   273  1.4e-08        -
  47  1.3844e-09  3.9624e-11      131   13  131     2     0      2   305  1.9e-09        -
  50  1.4779e-09  2.2117e-11      141   16  141     2     0      2   331  7.1e-07        -
  56  1.6106e-09  2.2117e-11      156   16  156     2     0      2   364    9e-07        -
  61  1.7212e-09  2.2117e-11      171   16  171     2     0      2   399  6.9e-10        -
  66  1.8365e-09  2.8826e-11      182   18  182     2     0      2   423  3.5e-07        -
  71  1.9759e-09  2.4108e-11      200   19  200     2     0      2   466    1e-08        -
  78  2.1688e-09  4.8215e-11      214   21  214     2     0      2   499  2.3e-07        -
  81  2.2906e-09  4.0623e-11      224   23  224     2     0      2   524  4.4e-10        -
  88  2.5469e-09  4.6885e-11      238   25  238     2     0      2   556  7.3e-08        -
  94  2.8125e-09  6.2462e-11      250   27  250     2     0      2   584  4.4e-07        -
 103    4.25e-09     2.5e-10 out  260   29  260     2     0      2   589        0        -
 116     7.5e-09     2.5e-10 out  273   29  273     2     0      2   589        0        -
 130     1.1e-08     2.5e-10 out  287   29  287     2     0      2   589        0        -
 144    1.45e-08     2.5e-10 out  301   29  301     2     0      2   589        0        -
 158     1.8e-08     2.5e-10 out  315   29  315     2     0      2   589        0        -
 171   2.125e-08     2.5e-10 out  328   29  328     2     0      2   589        0        -
 186     2.5e-08     2.5e-10 out  343   29  343     2     0      2   589        0        -
 201   2.875e-08     2.5e-10 out  358   29  358     2     0      2   589        0        -
 215   3.225e-08     2.5e-10 out  372   29  372     2     0      2   589        0        -
 229   3.575e-08     2.5e-10 out  386   29  386     2     0      2   589        0        -
 243   3.925e-08     2.5e-10 out  400   29  400     2     0      2   589        0        -
 258     4.3e-08     2.5e-10 out  415   29  415     2     0      2   589        0        -
 272    4.65e-08     2.5e-10 out  429   29  429     2     0      2   589        0        -
 287   5.025e-08     2.5e-10 out  444   29  444     2     0      2   589        0        -
 302     5.4e-08     2.5e-10 out  459   29  459     2     0      2   589        0        -
 317   5.775e-08     2.5e-10 out  474   29  474     2     0      2   589        0        -
 333   6.175e-08     2.5e-10 out  490   29  490     2     0      2   589        0        -
 347   6.525e-08     2.5e-10 out  504   29  504     2     0      2   589        0        -
 358     6.8e-08     2.5e-10 out  515   29  515     2     0      2   589        0        -
------     当前进度:  61 % - 正在组装残差
Memory: 894/920 1491/1492
 370     7.1e-08     2.5e-10 out  527   29  527     2     0      2   589        0        -
 384    7.45e-08     2.5e-10 out  541   29  541     2     0      2   589        0        -
 397   7.775e-08     2.5e-10 out  554   29  554     2     0      2   589        0        -
 412    8.15e-08     2.5e-10 out  569   29  569     2     0      2   589        0        -
 429   8.575e-08     2.5e-10 out  586   29  586     2     0      2   589        0        -
 445   8.975e-08     2.5e-10 out  602   29  602     2     0      2   589        0        -
 461   9.375e-08     2.5e-10 out  618   29  618     2     0      2   589        0        -
 477   9.775e-08     2.5e-10 out  634   29  634     2     0      2   589        0        -
 492   1.015e-07     2.5e-10 out  649   29  649     2     0      2   589        0        -
 506    1.05e-07     2.5e-10 out  663   29  663     2     0      2   589        0        -
 522    1.09e-07     2.5e-10 out  679   29  679     2     0      2   589        0        -
 539  1.1325e-07     2.5e-10 out  696   29  696     2     0      2   589        0        -
 554    1.17e-07     2.5e-10 out  711   29  711     2     0      2   589        0        -
 566     1.2e-07     2.5e-10 out  723   29  723     2     0      2   589        0        -
---------- 当前进度: 100 % - 
Memory: 895/920 1491/1492
求解时间：0 s。
物理内存: 895 MB
虚拟内存: 1492 MB
结束时间：2026年9月3日 14:35:51。
----- Study 2 - Charged particle tracing time dependent/解 2 (sol2) 中的“瞬态求解器 1” >
           当前进度:   0 % - 
Memory: 919/920 1491/1492
------     当前进度:  61 % - 正在计算
Memory: 925/930 1494/1499
---------- 当前进度: 100 % - 正在计算
Memory: 929/933 1497/1502
-          当前进度:  10 % - 正在绘制
Memory: 940/940 1498/1502
---------  当前进度:  99 % - 正在计算
Memory: 940/945 1498/1503
---        当前进度:  30 % - 生成图像
Memory: 1010/1010 1526/1526
           当前进度:   0 % - 正在绘制
Memory: 945/1010 1498/1526
           当前进度:   9 % - 正在计算
-          当前进度:  10 % - 正在绘制
---------- 当前进度: 100 % - 正在绘制
Memory: 946/1010 1498/1526
           当前进度:   0 % - 
Memory: 943/1022 1495/1535
           当前进度:   2 % - 生成方程
Memory: 1013/1022 1500/1535
           当前进度:   3 % - Study 2 - Charged particle tracing time dependent
Memory: 907/1039 890/1535
<---- Study 2 - Charged particle tracing time dependent/解 2 (sol2) 中的“编译方程: 瞬态” -
开始于 2026年9月3日 14:35:54。
几何形函数: 二次拉格朗日单元
几何形函数: 二次拉格朗日单元
在 Intel64 Family 6 Model 186 Stepping 2, GenuineIntel 上运行。
在以下位置使用 1 个插槽： 陈红星 上（共 1 个内核）。
可用内存：15.90 GB。
           当前进度:   3 % - 生成方程
Memory: 912/1039 894/1535
           当前进度:   5 % - 编译方程: 瞬态
Memory: 912/1039 895/1535
           当前进度:   5 % - 正在创建可视化网格
Memory: 913/1039 895/1535
时间：1。
物理内存: 916 MB
虚拟内存: 899 MB
结束时间：2026年9月3日 14:35:54。
----- Study 2 - Charged particle tracing time dependent/解 2 (sol2) 中的“编译方程: 瞬态” >
<---- Study 2 - Charged particle tracing time dependent/解 2 (sol2) 中的“因变量 1” ---
开始于 2026年9月3日 14:35:54。
不求解变量的值: 解 1 (sol1).
           当前进度:   5 % - 因变量 1
求解时间：0 s。
物理内存: 916 MB
虚拟内存: 899 MB
结束时间：2026年9月3日 14:35:54。
----- Study 2 - Charged particle tracing time dependent/解 2 (sol2) 中的“因变量 1” -->
<---- Study 2 - Charged particle tracing time dependent/解 2 (sol2) 中的“瞬态求解器 1” -
开始于 2026年9月3日 14:35:54。
瞬态求解器（广义 α）
求解的自由度数：4（加上 4 个内部自由度）。
找到非对称矩阵。
缩放因变量：
颗粒位置 (comp1.qcpt): 4.3e-08
粒子位置，phi 分量 (comp1.qphi): 1
粒子速度，phi 分量 (comp1.vphi): 1.2e-06
Step        Time    Stepsize      Res  Jac  Sol Order Tfail NLfail LinIt   LinErr   LinRes
   0           0           - out    2    3    2                  0     0        0        0
   1       3e-11       3e-11       14    6   14     2     0      2    28  1.9e-09        -
   6     1.8e-10       3e-11       24    7   24     2     0      2    52  2.1e-10        -
  12     3.7e-10       4e-11       36    9   36     2     0      2    81  2.1e-09        -
  19    5.75e-10     2.5e-11       50   10   50     2     0      2   115  2.8e-10        -
  23    6.75e-10     2.5e-11       60   10   60     2     0      2   139  4.6e-10        -
  29    8.25e-10     2.5e-11       78   10   78     2     0      2   181  2.4e-09        -
  35    9.75e-10     2.5e-11       96   10   96     2     0      2   223  6.1e-09        -
  41   1.125e-09     2.5e-11      114   10  114     2     0      2   265    9e-09        -
  44    1.25e-09    3.75e-11 out  124   13  124     2     0      2   292  1.5e-09        -
  49  1.4337e-09   3.375e-11      140   14  140     2     0      2   333  4.7e-10        -
  54  1.5994e-09  3.3125e-11      153   15  153     2     0      2   364  2.8e-09        -
  58  1.7244e-09  2.5625e-11      168   16  168     2     0      2   401  1.4e-07        -
  64  1.8781e-09  2.5625e-11      183   17  183     2     0      2   434  1.4e-10        -
  68  1.9775e-09    2.25e-11      198   18  198     2     0      2   471  7.8e-09        -
  71    2.09e-09     4.5e-11      204   20  204     2     0      2   484  2.4e-09        -
  75    2.25e-09     3.5e-11 out  217   22  217     2     0      2   516  2.1e-08        -
  82    2.48e-09       2e-11      232   23  232     2     0      2   550    9e-10        -
  89   2.725e-09     2.5e-11      246   25  246     2     0      2   582  4.4e-09        -
  96     3.1e-09       1e-10      258   27  258     2     0      2   606        0        -
 103    4.75e-09     2.5e-10 out  265   28  265     2     0      2   606        0        -
 116       8e-09     2.5e-10 out  278   28  278     2     0      2   606        0        -
 125   1.025e-08     2.5e-10 out  287   28  287     2     0      2   606        0        -
 135   1.275e-08     2.5e-10 out  297   28  297     2     0      2   606        0        -
 147   1.575e-08     2.5e-10 out  309   28  309     2     0      2   606        0        -
 159   1.875e-08     2.5e-10 out  321   28  321     2     0      2   606        0        -
 173   2.225e-08     2.5e-10 out  335   28  335     2     0      2   606        0        -
 188     2.6e-08     2.5e-10 out  350   28  350     2     0      2   606        0        -
 204       3e-08     2.5e-10 out  366   28  366     2     0      2   606        0        -
 220     3.4e-08     2.5e-10 out  382   28  382     2     0      2   606        0        -
 235   3.775e-08     2.5e-10 out  397   28  397     2     0      2   606        0        -
 251   4.175e-08     2.5e-10 out  413   28  413     2     0      2   606        0        -
 266    4.55e-08     2.5e-10 out  428   28  428     2     0      2   606        0        -
 282    4.95e-08     2.5e-10 out  444   28  444     2     0      2   606        0        -
 298    5.35e-08     2.5e-10 out  460   28  460     2     0      2   606        0        -
 314    5.75e-08     2.5e-10 out  476   28  476     2     0      2   606        0        -
 331   6.175e-08     2.5e-10 out  493   28  493     2     0      2   606        0        -
 348     6.6e-08     2.5e-10 out  510   28  510     2     0      2   606        0        -
 363   6.975e-08     2.5e-10 out  525   28  525     2     0      2   606        0        -
 377   7.325e-08     2.5e-10 out  539   28  539     2     0      2   606        0        -
 392     7.7e-08     2.5e-10 out  554   28  554     2     0      2   606        0        -
 409   8.125e-08     2.5e-10 out  571   28  571     2     0      2   606        0        -
-------    当前进度:  71 % - 
 420     8.4e-08     2.5e-10 out  582   28  582     2     0      2   606        0        -
 432     8.7e-08     2.5e-10 out  594   28  594     2     0      2   606        0        -
 448     9.1e-08     2.5e-10 out  610   28  610     2     0      2   606        0        -
 459   9.375e-08     2.5e-10 out  621   28  621     2     0      2   606        0        -
 473   9.725e-08     2.5e-10 out  635   28  635     2     0      2   606        0        -
 489  1.0125e-07     2.5e-10 out  651   28  651     2     0      2   606        0        -
 506   1.055e-07     2.5e-10 out  668   28  668     2     0      2   606        0        -
 521  1.0925e-07     2.5e-10 out  683   28  683     2     0      2   606        0        -
 537  1.1325e-07     2.5e-10 out  699   28  699     2     0      2   606        0        -
 554   1.175e-07     2.5e-10 out  716   28  716     2     0      2   606        0        -
 564     1.2e-07     2.5e-10 out  726   28  726     2     0      2   606        0        -
---------- 当前进度: 100 % - 
求解时间：0 s。
物理内存: 913 MB
虚拟内存: 895 MB
结束时间：2026年9月3日 14:35:55。
----- Study 2 - Charged particle tracing time dependent/解 2 (sol2) 中的“瞬态求解器 1” >
           当前进度:   0 % - 
------     当前进度:  62 % - 正在计算
Memory: 913/1039 896/1535
---------- 当前进度: 100 % - 正在计算
-          当前进度:  10 % - 正在绘制
---------  当前进度:  99 % - 正在计算
           当前进度:   0 % - 
Memory: 895/1039 877/1535
           当前进度:   0 % - 正在绘制
           当前进度:   9 % - 正在计算
-          当前进度:  10 % - 正在绘制
---------- 当前进度: 100 % - 正在绘制
           当前进度:   0 % - 
Memory: 895/1039 878/1535
           当前进度:   0 % - Study 2 - Charged particle tracing time dependent
Memory: 896/1039 878/1535
           当前进度:   3 % - Study 2 - Charged particle tracing time dependent
<---- Study 2 - Charged particle tracing time dependent/解 2 (sol2) 中的“编译方程: 瞬态” -
开始于 2026年9月3日 14:35:56。
几何形函数: 二次拉格朗日单元
几何形函数: 二次拉格朗日单元
在 Intel64 Family 6 Model 186 Stepping 2, GenuineIntel 上运行。
在以下位置使用 1 个插槽： 陈红星 上（共 1 个内核）。
可用内存：15.90 GB。
           当前进度:   3 % - 编译方程: 瞬态
           当前进度:   5 % - 编译方程: 瞬态
           当前进度:   5 % - 正在创建可视化网格
Memory: 896/1039 879/1535
时间：0。
物理内存: 896 MB
虚拟内存: 879 MB
结束时间：2026年9月3日 14:35:57。
----- Study 2 - Charged particle tracing time dependent/解 2 (sol2) 中的“编译方程: 瞬态” >
<---- Study 2 - Charged particle tracing time dependent/解 2 (sol2) 中的“因变量 1” ---
开始于 2026年9月3日 14:35:57。
不求解变量的值: 解 1 (sol1).
           当前进度:   5 % - 因变量 1
Memory: 896/1039 880/1535
求解时间：0 s。
物理内存: 897 MB
虚拟内存: 880 MB
结束时间：2026年9月3日 14:35:57。
----- Study 2 - Charged particle tracing time dependent/解 2 (sol2) 中的“因变量 1” -->
<---- Study 2 - Charged particle tracing time dependent/解 2 (sol2) 中的“瞬态求解器 1” -
开始于 2026年9月3日 14:35:57。
瞬态求解器（广义 α）
求解的自由度数：4（加上 4 个内部自由度）。
找到非对称矩阵。
缩放因变量：
颗粒位置 (comp1.qcpt): 4.3e-08
粒子位置，phi 分量 (comp1.qphi): 1
粒子速度，phi 分量 (comp1.vphi): 3.7e-07
Step        Time    Stepsize      Res  Jac  Sol Order Tfail NLfail LinIt   LinErr   LinRes
   0           0           - out    2    3    2                  0     0        0        0
   1       3e-11       3e-11       14    6   14     2     0      2   122  1.4e-10        -
   8     2.3e-10       2e-11       28    8   28     2     0      2   155  7.3e-08        -
  15    4.75e-10     2.5e-11       42   10   42     2     0      2   189  2.7e-07        -
  23    6.75e-10     2.5e-11       60   10   60     2     0      2   233  3.3e-10        -
  28       8e-10     2.5e-11       75   10   75     2     0      2   268  1.2e-09        -
  34     9.5e-10     2.5e-11       93   10   93     2     0      2   310  3.3e-09        -
  40     1.1e-09     2.5e-11      111   10  111     2     0      2   352  5.1e-09        -
  45   1.345e-09     4.5e-11      125   12  125     2     0      2   389  3.3e-09        -
  49  1.4812e-09  1.8775e-11      137   15  137     2     0      2   420  2.4e-07        -
  56  1.6127e-09  1.8775e-11      152   15  152     2     0      2   456  2.6e-07        -
  61  1.7283e-09  2.1737e-11      165   17  165     2     0      2   483  5.5e-08        -
  67  1.8587e-09  2.1737e-11      180   17  180     2     0      2   516  3.7e-07        -
  73       2e-09  2.7181e-11 out  200   17  200     2     0      2   564  2.5e-19        -
  76  2.1464e-09  4.6015e-11      210   20  210     2     0      2   588  1.6e-07        -
  81  2.3594e-09  5.1834e-11      222   22  222     2     0      2   615  2.5e-08        -
  84     2.5e-09  4.4369e-11 out  233   24  233     2     0      2   641  1.6e-13        -
  89  2.7137e-09  3.6262e-11      248   25  248     2     0      2   678  3.8e-08        -
  94       3e-09  7.0606e-11 out  260   27  260     2     0      2   710  1.1e-18        -
  98    3.25e-09  5.4394e-11 out  274   29  274     2     0      2   748  2.4e-07        -
 108     5.5e-09     2.5e-10 out  284   31  284     2     0      2   748        0        -
 123    9.25e-09     2.5e-10 out  299   31  299     2     0      2   748        0        -
 137   1.275e-08     2.5e-10 out  313   31  313     2     0      2   748        0        -
 151   1.625e-08     2.5e-10 out  327   31  327     2     0      2   748        0        -
 165   1.975e-08     2.5e-10 out  341   31  341     2     0      2   748        0        -
 180    2.35e-08     2.5e-10 out  356   31  356     2     0      2   748        0        -
 193   2.675e-08     2.5e-10 out  369   31  369     2     0      2   748        0        -
 208    3.05e-08     2.5e-10 out  384   31  384     2     0      2   748        0        -
 224    3.45e-08     2.5e-10 out  400   31  400     2     0      2   748        0        -
 235   3.725e-08     2.5e-10 out  411   31  411     2     0      2   748        0        -
 250     4.1e-08     2.5e-10 out  426   31  426     2     0      2   748        0        -
 265   4.475e-08     2.5e-10 out  441   31  441     2     0      2   748        0        -
 279   4.825e-08     2.5e-10 out  455   31  455     2     0      2   748        0        -
 292    5.15e-08     2.5e-10 out  468   31  468     2     0      2   748        0        -
 307   5.525e-08     2.5e-10 out  483   31  483     2     0      2   748        0        -
 320    5.85e-08     2.5e-10 out  496   31  496     2     0      2   748        0        -
 335   6.225e-08     2.5e-10 out  511   31  511     2     0      2   748        0        -
 351   6.625e-08     2.5e-10 out  527   31  527     2     0      2   748        0        -
 365   6.975e-08     2.5e-10 out  541   31  541     2     0      2   748        0        -
 379   7.325e-08     2.5e-10 out  555   31  555     2     0      2   748        0        -
------     当前进度:  67 % - 正在组装残差
Memory: 896/1039 879/1535
 395   7.725e-08     2.5e-10 out  571   31  571     2     0      2   748        0        -
 408    8.05e-08     2.5e-10 out  584   31  584     2     0      2   748        0        -
 424    8.45e-08     2.5e-10 out  600   31  600     2     0      2   748        0        -
 440    8.85e-08     2.5e-10 out  616   31  616     2     0      2   748        0        -
 456    9.25e-08     2.5e-10 out  632   31  632     2     0      2   748        0        -
 472    9.65e-08     2.5e-10 out  648   31  648     2     0      2   748        0        -
 486       1e-07     2.5e-10 out  662   31  662     2     0      2   748        0        -
 502    1.04e-07     2.5e-10 out  678   31  678     2     0      2   748        0        -
 515  1.0725e-07     2.5e-10 out  691   31  691     2     0      2   748        0        -
 528   1.105e-07     2.5e-10 out  704   31  704     2     0      2   748        0        -
 544   1.145e-07     2.5e-10 out  720   31  720     2     0      2   748        0        -
 556   1.175e-07     2.5e-10 out  732   31  732     2     0      2   748        0        -
 566     1.2e-07     2.5e-10 out  742   31  742     2     0      2   748        0        -
---------- 当前进度: 100 % - 
求解时间：0 s。
物理内存: 899 MB
虚拟内存: 882 MB
结束时间：2026年9月3日 14:35:57。
----- Study 2 - Charged particle tracing time dependent/解 2 (sol2) 中的“瞬态求解器 1” >
           当前进度:   0 % - 
------     当前进度:  65 % - 正在计算
---------- 当前进度: 100 % - 正在计算
-          当前进度:  10 % - 正在绘制
Memory: 869/1039 854/1535
---------  当前进度:  99 % - 正在计算
Memory: 882/1039 866/1535
---        当前进度:  30 % - 生成图像
Memory: 957/1039 903/1535
           当前进度:   0 % - 正在绘制
Memory: 875/1039 858/1535
           当前进度:   9 % - 正在计算
-          当前进度:  10 % - 正在绘制
---------- 当前进度: 100 % - 正在绘制
Memory: 876/1039 859/1535
           当前进度:   0 % - 
Memory: 892/1039 876/1535
           当前进度:   2 % - 生成方程
Memory: 903/1039 886/1535
           当前进度:   3 % - Study 2 - Charged particle tracing time dependent
Memory: 904/1039 886/1535
<---- Study 2 - Charged particle tracing time dependent/解 2 (sol2) 中的“编译方程: 瞬态” -
开始于 2026年9月3日 14:36:00。
几何形函数: 二次拉格朗日单元
几何形函数: 二次拉格朗日单元
在 Intel64 Family 6 Model 186 Stepping 2, GenuineIntel 上运行。
在以下位置使用 1 个插槽： 陈红星 上（共 1 个内核）。
可用内存：15.90 GB。
           当前进度:   3 % - 编译方程: 瞬态
Memory: 906/1039 888/1535
           当前进度:   5 % - 编译方程: 瞬态
Memory: 904/1039 886/1535
           当前进度:   5 % - 正在创建可视化网格
时间：0。
物理内存: 906 MB
虚拟内存: 888 MB
结束时间：2026年9月3日 14:36:00。
----- Study 2 - Charged particle tracing time dependent/解 2 (sol2) 中的“编译方程: 瞬态” >
<---- Study 2 - Charged particle tracing time dependent/解 2 (sol2) 中的“因变量 1” ---
开始于 2026年9月3日 14:36:00。
不求解变量的值: 解 1 (sol1).
           当前进度:   5 % - 因变量 1
求解时间：0 s。
物理内存: 904 MB
虚拟内存: 886 MB
结束时间：2026年9月3日 14:36:00。
----- Study 2 - Charged particle tracing time dependent/解 2 (sol2) 中的“因变量 1” -->
<---- Study 2 - Charged particle tracing time dependent/解 2 (sol2) 中的“瞬态求解器 1” -
开始于 2026年9月3日 14:36:00。
瞬态求解器（广义 α）
求解的自由度数：4（加上 4 个内部自由度）。
找到非对称矩阵。
缩放因变量：
颗粒位置 (comp1.qcpt): 4.3e-08
粒子位置，phi 分量 (comp1.qphi): 1
粒子速度，phi 分量 (comp1.vphi): 3.7e-07
Step        Time    Stepsize      Res  Jac  Sol Order Tfail NLfail LinIt   LinErr   LinRes
   0           0           - out    2    3    2                  0     0        0        0
   1     1.5e-11     1.5e-11       18    7   18     2     0      3    33  1.2e-10        -
   8   2.225e-10    2.75e-11       37    9   37     2     0      3    82    8e-11        -
  12   3.193e-10  2.2275e-11       49   12   49     2     0      3   114  8.6e-09        -
  16  3.9167e-10  1.6238e-11       63   14   63     2     0      3   153  1.3e-18        -
  20  4.5029e-10  1.3153e-11       77   16   77     2     0      3   192  1.1e-18        -
  24  4.9356e-10  6.4394e-12       89   19   89     2     0      3   223  2.7e-07        -
  32  5.4508e-10  6.4394e-12      110   19  110     2     0      3   272  5.2e-10        -
  39  5.9015e-10  6.4394e-12      131   19  131     2     0      3   321  2.1e-09        -
  42  6.2106e-10  1.1591e-11      142   21  142     2     0      3   350  3.2e-09        -
  49  7.0104e-10  1.0432e-11      162   23  162     2     0      3   401  6.1e-10        -
  52  7.3025e-10  9.3886e-12      172   26  172     2     0      3   428  8.9e-11        -
  58  7.8109e-10  1.0365e-11      186   28  186     2     0      3   460  1.2e-09        -
  64  8.4328e-10  1.0365e-11      204   28  204     2     0      3   502  7.8e-09        -
  70  9.0547e-10  1.0365e-11      222   28  222     2     0      3   544  8.1e-09        -
  75  9.7518e-10   1.788e-11      239   30  239     2     0      3   586  4.5e-07        -
  79  1.0461e-09  2.1269e-11      251   33  251     2     0      3   615  3.1e-07        -
  82   1.116e-09  2.7324e-11      259   36  259     2     1      3   633  2.5e-07        -
  85  1.1987e-09  2.7552e-11      271   38  271     2     2      3   662  4.2e-08        -
  88  1.2756e-09  2.5644e-11      279   40  279     2     3      3   679  6.3e-10        -
  94  1.4295e-09  2.5644e-11      296   40  296     2     3      3   714  4.3e-07        -
  97     1.5e-09  2.2426e-11 out  307   42  307     2     3      3   740  1.6e-08        -
 103  1.6346e-09  2.2426e-11      319   42  319     2     3      3   770  1.7e-11        -
 109    1.75e-09  1.2872e-11 out  331   43  331     2     3      3   798  9.8e-08        -
 114  1.8787e-09  2.5744e-11      341   44  341     2     3      3   822  1.2e-12        -
 118   1.978e-09  2.2023e-11      353   45  353     2     3      3   853  1.9e-09        -
 123  2.0881e-09  2.2023e-11      363   46  363     2     3      3   875  3.7e-13        -
 130  2.2351e-09  1.4887e-11      381   47  381     2     3      3   921  4.8e-10        -
 136  2.3989e-09  2.9774e-11      393   49  393     2     3      3   948  4.7e-13        -
 140     2.5e-09  2.0792e-11 out  405   51  405     2     3      3   978  1.6e-09        -
 146   2.729e-09   2.104e-11      417   53  417     2     3      3  1006  3.2e-09        -
 153       3e-09   4.084e-11 out  431   54  431     2     3      3  1040  8.1e-19        -
 160    3.25e-09  2.2901e-11 out  445   55  445     2     3      3  1078  2.1e-08        -
 165  3.4666e-09  3.3396e-11      459   57  459     2     3      3  1112  1.1e-08        -
 169  3.6002e-09  3.3396e-11      467   58  467     2     3      3  1128  9.6e-07        -
 174    3.75e-09  2.4812e-11 out  481   60  481     2     3      3  1163  1.5e-09        -
 180       4e-09  2.5752e-11 out  493   62  493     2     3      3  1190  2.1e-07        -
 185    4.25e-09  4.7744e-11 out  505   63  505     2     3      3  1222  1.5e-19        -
 190  4.4705e-09  2.9513e-11      519   64  519     2     3      3  1262  1.6e-08        -
 199  4.7283e-09  2.1705e-11      541   65  541     2     3      3  1317  1.9e-09        -
-          当前进度:  10 % - 
 201  4.7934e-09   4.341e-11      545   67  545     2     3      3  1325  4.3e-08        -
 206       5e-09   3.818e-11 out  559   69  559     2     3      3  1360  5.4e-09        -
 212  5.2205e-09  2.9549e-11      575   70  575     2     3      3  1401  4.7e-09        -
 218  5.3977e-09  2.9549e-11      587   71  587     2     3      3  1430  2.1e-12        -
 223  5.5432e-09  4.3155e-11      601   74  601     2     3      3  1464  5.6e-08        -
 229  5.7887e-09  3.8691e-11      619   74  619     2     3      3  1515  9.2e-19        -
 233  5.9435e-09  3.8691e-11      633   74  633     2     3      3  1557  1.5e-18        -
 241  6.1696e-09  2.8274e-11      649   75  649     2     3      3  1596  9.8e-12        -
 247  6.4063e-09  5.2084e-11      662   76  662     2     3      3  1630  3.9e-10        -
 252  6.6406e-09  4.6874e-11      682   76  682     2     3      3  1684  9.8e-20        -
 256  6.7773e-09  2.7344e-11      694   78  694     2     3      3  1713  9.9e-12        -
 259  6.9406e-09  5.9373e-11      704   81  704     2     3      3  1737  2.1e-07        -
 263  7.0762e-09  4.6551e-11      714   84  714     2     4      3  1759    1e-07        -
 265  7.1641e-09  4.6004e-11      724   87  724     2     5      3  1784  3.5e-07        -
 268    7.29e-09  4.0012e-11      738   90  738     2     5      3  1820  6.9e-07        -
 270  7.3758e-09  4.0659e-11      748   93  748     2     6      3  1847  8.8e-11        -
 272  7.4587e-09  3.9267e-11      758   96  758     2     7      3  1874  9.4e-11        -
 275   7.587e-09  4.5769e-11      766   99  766     2     8      3  1894  3.5e-10        -
 277  7.6736e-09  4.5406e-11      776  102  776     2     9      3  1921  4.3e-10        -
 281  7.8264e-09  3.8189e-11      788  104  788     2     9      3  1953  4.5e-10        -
 286       8e-09  2.9527e-11 out  802  106  802     2     9      3  1989  4.3e-11        -
 293  8.2244e-09  2.5591e-11      816  108  816     2     9      3  2023  2.5e-07        -
 297  8.3685e-09  4.1775e-11      828  110  828     2     9      3  2055  1.7e-10        -
 300     8.5e-09   5.208e-11 out  838  113  838     2     9      3  2081  4.6e-10        -
 303  8.6204e-09  3.7362e-11      852  116  852     2     9      3  2117  1.3e-07        -
 305  8.7037e-09  3.9471e-11      862  119  862     2    10      3  2142  5.1e-08        -
 308  8.8392e-09  4.7581e-11      874  123  874     2    11      3  2170  8.1e-08        -
 311  8.9705e-09  2.9485e-11      884  126  884     2    11      3  2194    1e-08        -
 316  9.1867e-09  4.9142e-11      899  128  899     2    11      3  2233  1.2e-08        -
 322  9.3765e-09   3.163e-11      912  129  912     2    11      3  2259  1.7e-08        -
 327  9.5301e-09   3.011e-11      930  129  930     2    11      3  2304  1.9e-07        -
 331  9.6505e-09   3.011e-11      946  129  946     2    11      3  2348  2.6e-07        -
 336  9.7892e-09  3.9232e-11      960  131  960     2    11      3  2382  1.4e-08        -
 341  9.9731e-09  2.6921e-11      974  132  974     2    11      3  2418  6.9e-09        -
 347  1.0135e-08  2.6921e-11      986  133  986     2    11      3  2446  4.2e-12        -
 353  1.0285e-08  3.4631e-11      998  135  998     2    11      3  2473  2.2e-08        -
 360    1.05e-08  2.1106e-11 out 1012  136 1012     2    11      3  2506  1.5e-07        -
 365   1.069e-08  4.2212e-11     1022  137 1022     2    11      3  2529  1.3e-11        -
 368   1.078e-08  3.0023e-11     1032  139 1032     2    11      3  2553  3.8e-07        -
 375   1.098e-08   1.992e-11     1046  140 1046     2    11      3  2586  1.7e-09        -
 382  1.1225e-08  2.5402e-11     1060  142 1060     2    11      3  2616  1.8e-09        -
 391  1.1453e-08  2.5402e-11     1078  142 1078     2    11      3  2652  2.4e-07        -
 398  1.1617e-08  2.3391e-11     1099  142 1099     2    11      3  2715  6.7e-19        -
 403   1.173e-08  1.9739e-11     1117  143 1117     2    11      3  2767  1.5e-09        -
 410  1.1974e-08  2.6303e-11     1131  146 1131     2    11      3  2799  1.3e-09        -
-          当前进度:  16 % - 正在组装残差
 418  1.2184e-08  2.6303e-11     1147  146 1147     2    11      3  2836  2.2e-12        -
 422   1.229e-08  3.9576e-11     1159  149 1159     2    11      3  2865  4.5e-08        -
 429  1.2526e-08   2.606e-11     1173  150 1173     2    11      3  2897  7.9e-07        -
 437  1.2729e-08  2.0759e-11     1193  151 1193     2    11      3  2948  1.5e-09        -
 444  1.2875e-08  2.0759e-11     1207  152 1207     2    11      3  2976  9.7e-07        -
 452  1.3022e-08  2.1653e-11     1223  154 1223     2    11      3  3013  5.3e-10        -
 461  1.3217e-08  2.1653e-11     1241  154 1241     2    11      3  3053    2e-12        -
 464  1.3283e-08  3.3472e-11     1251  157 1251     2    11      3  3077  1.8e-09        -
 471    1.35e-08  2.4585e-11 out 1269  159 1269     2    11      3  3121  5.9e-10        -
 481  1.3736e-08  1.4365e-11     1289  160 1289     2    11      3  3154  1.8e-07        -
 488  1.3922e-08  2.8731e-11     1303  161 1303     2    11      3  3185    1e-11        -
 493  1.4049e-08  2.4442e-11     1317  163 1317     2    11      3  3219  3.2e-12        -
 501  1.4235e-08  1.5011e-11     1333  164 1333     2    11      3  3258  2.4e-10        -
 509   1.446e-08  3.0022e-11     1349  165 1349     2    11      3  3296  3.6e-11        -
 517   1.462e-08  1.9924e-11     1365  166 1365     2    11      3  3334  3.4e-12        -
 524   1.475e-08  1.5418e-11 out 1383  168 1383     2    11      3  3379    2e-09        -
 532  1.4983e-08  1.7077e-11     1399  170 1399     2    11      3  3417  4.1e-09        -
 540  1.5219e-08  3.1079e-11     1417  171 1417     2    11      3  3461  1.2e-19        -
 546  1.5405e-08  3.1079e-11     1441  171 1441     2    11      3  3533    1e-18        -
 551  1.5532e-08   3.245e-11     1455  173 1455     2    11      3  3569  3.4e-08        -
 557  1.5722e-08   2.765e-11     1471  174 1471     2    11      3  3610  8.4e-09        -
 566  1.5971e-08   2.765e-11     1489  175 1489     2    11      3  3654  3.6e-11        -
 572  1.6115e-08  2.8798e-11     1501  177 1501     2    11      3  3681  1.6e-11        -
 577   1.625e-08  2.4207e-11 out 1515  179 1515     2    11      3  3716    1e-09        -
 587  1.6484e-08  1.6069e-11     1535  180 1535     2    11      3  3763  2.2e-10        -
 595  1.6721e-08  2.8587e-11     1552  181 1552     2    11      3  3804  1.6e-18        -
 599  1.6836e-08  2.8587e-11     1567  181 1567     2    11      3  3844  2.9e-07        -
 604  1.6975e-08  2.4945e-11     1586  183 1586     2    11      3  3884  6.4e-07        -
 612  1.7175e-08  2.4945e-11     1602  183 1602     2    11      3  3917  4.4e-12        -
 619  1.7326e-08  2.5494e-11     1616  185 1616     2    11      3  3946  3.5e-07        -
 627  1.7523e-08  2.3024e-11     1638  185 1638     2    11      3  4001  8.8e-07        -
 631  1.7615e-08  2.3024e-11     1654  185 1654     2    11      3  4045  9.7e-07        -
 636  1.7729e-08  2.1391e-11     1676  186 1676     2    11      3  4108  3.4e-10        -
 645  1.7921e-08  2.1391e-11     1694  187 1694     2    11      3  4144  7.1e-07        -
 650  1.8036e-08  3.6088e-11     1708  190 1708     2    11      3  4176  9.2e-09        -
 658   1.832e-08   3.478e-11     1728  190 1728     2    11      3  4231  2.8e-19        -
 665  1.8521e-08   2.066e-11     1746  191 1746     2    11      3  4279  4.8e-08        -
 676  1.8739e-08  1.1367e-11     1768  192 1768     2    11      3  4323  5.5e-11        -
 685  1.8932e-08  2.2735e-11     1786  193 1786     2    11      3  4359  4.2e-08        -
 695  1.9159e-08  2.2693e-11     1806  193 1806     2    11      3  4408  2.3e-07        -
 702  1.9296e-08  2.3073e-11     1820  195 1820     2    11      3  4439  5.1e-08        -
 711    1.95e-08  2.1172e-11 out 1839  195 1839     2    11      3  4482  8.2e-19        -
 718   1.979e-08  4.0311e-11     1856  196 1856     2    11      3  4527  5.1e-19        -
 723  1.9976e-08  2.4223e-11     1868  197 1868     2    11      3  4561  1.5e-09        -
 730   2.025e-08  2.8108e-11 out 1882  199 1882     2    11      3  4592  1.8e-07        -
 740  2.0527e-08  2.6622e-11     1903  199 1903     2    11      3  4641  1.4e-17        -
--         当前进度:  23 % - 正在组装残差
 745   2.075e-08  3.1822e-11 out 1913  201 1913     2    11      3  4663    1e-07        -
 753     2.1e-08  2.9535e-11 out 1933  201 1933     2    11      3  4702  2.9e-08        -
 759  2.1177e-08  2.9535e-11     1955  201 1955     2    11      3  4759    7e-07        -
 762   2.125e-08  2.1627e-11 out 1967  203 1967     2    11      3  4790  4.5e-10        -
 767  2.1462e-08  3.8493e-11     1981  205 1981     2    11      3  4824    3e-09        -
 774  2.1721e-08  2.8767e-11     1999  207 1999     2    11      3  4868  4.5e-09        -
 781  2.1923e-08  2.8767e-11     2013  208 2013     2    11      3  4899  7.7e-12        -
 785  2.2049e-08  4.8629e-11     2025  211 2025     2    11      3  4928  1.5e-08        -
 794  2.2361e-08  2.7741e-11     2043  212 2043     2    11      3  4967  8.6e-07        -
 801  2.2528e-08  2.8071e-11     2057  214 2057     2    11      3  4999    6e-08        -
 810  2.2777e-08  2.6753e-11     2078  214 2078     2    11      3  5050  9.8e-19        -
 818  2.2982e-08  1.7988e-11     2101  215 2101     2    11      3  5117  8.7e-10        -
 824   2.318e-08  3.5975e-11     2113  216 2113     2    11      3  5143  2.2e-11        -
 833   2.348e-08  1.9813e-11     2136  217 2136     2    11      3  5205  3.6e-10        -
 841   2.375e-08  2.5935e-11 out 2152  219 2152     2    11      3  5240  1.1e-07        -
 848  2.4094e-08  4.7195e-11     2171  220 2171     2    11      3  5293  3.2e-18        -
 854  2.4342e-08   6.122e-11     2186  222 2186     2    11      3  5330  2.3e-09        -
 859  2.4597e-08  4.8475e-11     2202  224 2202     2    11      3  5369  3.3e-07        -
 866  2.4918e-08    5.61e-11     2216  226 2216     2    11      3  5400  3.9e-11        -
 871  2.5123e-08  4.0851e-11     2230  228 2230     2    11      3  5433  1.7e-11        -
 878  2.5387e-08  4.5747e-11     2244  230 2244     2    11      3  5464  5.1e-12        -
 882  2.5567e-08   6.701e-11     2256  233 2256     2    11      3  5493  3.8e-07        -
 888  2.5924e-08   5.799e-11     2272  235 2272     2    11      3  5532  2.2e-11        -
 896   2.622e-08  2.9962e-11     2292  237 2292     2    11      3  5576  1.2e-09        -
 902    2.65e-08  3.5114e-11 out 2304  240 2304     2    11      3  5600  4.4e-08        -
 910   2.675e-08  1.9659e-11 out 2320  241 2320     2    11      3  5632  8.8e-09        -
 916  2.6973e-08  2.6705e-11     2336  243 2336     2    11      3  5668  7.6e-10        -
 921  2.7205e-08  4.4885e-11     2350  246 2350     2    11      3  5701  1.1e-08        -
 928    2.75e-08   3.523e-11 out 2368  249 2368     2    11      3  5743  1.7e-09        -
 933  2.7805e-08   5.454e-11     2382  252 2382     2    11      3  5776  5.4e-07        -
 937     2.8e-08   4.319e-11 out 2394  254 2394     2    11      3  5805  1.9e-09        -
 944  2.8289e-08  3.8621e-11     2416  255 2416     2    11      3  5850  8.3e-07        -
 950    2.85e-08  2.8448e-11 out 2432  258 2432     2    11      3  5884  4.1e-10        -
 954   2.871e-08  3.9655e-11     2444  260 2444     2    11      3  5913  3.1e-09        -
 962     2.9e-08  2.5864e-11 out 2460  262 2460     2    11      3  5946  3.8e-08        -
 969  2.9345e-08  4.7409e-11     2480  263 2480     2    11      3  6001  5.7e-19        -
 975  2.9621e-08  6.0363e-11     2496  265 2496     2    11      3  6041    8e-07        -
 981  2.9944e-08  5.6088e-11     2512  268 2512     2    11      3  6078  1.1e-07        -
 987   3.025e-08  4.0867e-11 out 2528  271 2528     2    11      3  6114  5.2e-09        -
 993  3.0668e-08  8.1735e-11     2542  274 2542     2    11      3  6147  5.4e-18        -
 999  3.1043e-08  4.3265e-11     2560  275 2560     2    11      3  6195  3.7e-07        -
1004   3.137e-08  6.0102e-11     2574  278 2574     2    11      3  6228    1e-10        -
1010  3.1695e-08  5.5306e-11     2590  281 2590     2    11      3  6265  2.3e-09        -
1016     3.2e-08  4.2041e-11 out 2606  284 2606     2    11      3  6298  7.2e-07        -
1021  3.2312e-08  6.1939e-11     2620  287 2620     2    11      3  6330  3.9e-07        -
---        当前进度:  32 % - 正在组装残差
1026  3.2564e-08  6.4183e-11     2630  289 2630     2    11      3  6351  1.1e-08        -
1033  3.2966e-08  3.3775e-11     2648  290 2648     2    11      3  6399  1.9e-09        -
1038   3.325e-08  5.7451e-11 out 2662  293 2662     2    11      3  6431    1e-08        -
1043  3.3673e-08  7.6863e-11     2676  295 2676     2    11      3  6464  7.3e-08        -
1050  3.4173e-08  7.6863e-11     2694  299 2694     2    11      3  6504  5.1e-08        -
1056  3.4596e-08  9.6275e-11     2706  302 2706     2    11      3  6529  1.1e-07        -
1061  3.4952e-08  4.8137e-11     2720  305 2720     2    11      3  6562  4.1e-09        -
1065   3.525e-08  7.6863e-11 out 2732  308 2732     2    11      3  6590  1.7e-08        -
1071  3.5673e-08  7.6863e-11     2748  311 2748     2    11      3  6625  3.6e-09        -
1077  3.6096e-08  9.6275e-11     2760  314 2760     2    11      3  6649  2.1e-07        -
1082  3.6452e-08  4.8137e-11     2774  317 2774     2    11      3  6682  5.8e-09        -
1086   3.675e-08  7.6863e-11 out 2786  320 2786     2    11      3  6710  5.6e-08        -
1092  3.7173e-08  7.6863e-11     2802  323 2802     2    11      3  6747  6.5e-08        -
1099  3.7673e-08  7.6863e-11     2820  327 2820     2    11      3  6787    2e-07        -
1105  3.8096e-08  9.6275e-11     2832  330 2832     2    11      3  6811  6.2e-07        -
1110  3.8452e-08  4.8137e-11     2846  333 2846     2    11      3  6843  4.5e-09        -
1115  3.8827e-08  7.6863e-11     2860  336 2860     2    11      3  6875  2.6e-07        -
1120  3.9173e-08  7.6863e-11     2874  339 2874     2    11      3  6907  6.3e-09        -
1126  3.9596e-08  9.6275e-11     2886  342 2886     2    11      3  6929  3.1e-08        -
1131  3.9952e-08  4.8137e-11     2900  345 2900     2    11      3  6961  3.2e-09        -
1135   4.025e-08  7.6863e-11 out 2912  348 2912     2    11      3  6989  3.5e-08        -
1141  4.0673e-08  7.6863e-11     2928  351 2928     2    11      3  7025  4.2e-08        -
1147  4.1096e-08  9.6275e-11     2940  354 2940     2    11      3  7049  2.1e-07        -
1152  4.1452e-08  4.8137e-11     2954  357 2954     2    11      3  7081  6.6e-09        -
1156   4.175e-08  7.6863e-11 out 2966  360 2966     2    11      3  7109  5.6e-08        -
1162  4.2173e-08  7.6863e-11     2982  363 2982     2    11      3  7145  3.9e-08        -
1168  4.2596e-08  9.6275e-11     2994  366 2994     2    11      3  7169  5.9e-08        -
1173  4.2952e-08  4.8137e-11     3008  369 3008     2    11      3  7200  8.1e-07        -
1177   4.325e-08  7.6863e-11 out 3020  372 3020     2    11      3  7227    1e-08        -
1182  4.3596e-08  9.6275e-11     3030  374 3030     2    11      3  7247  4.9e-08        -
1187  4.3952e-08  4.8137e-11     3044  377 3044     2    11      3  7279  4.7e-09        -
1191   4.425e-08  7.6863e-11 out 3056  380 3056     2    11      3  7307  7.6e-08        -
1197  4.4673e-08  7.6863e-11     3072  383 3072     2    11      3  7343  8.7e-08        -
1203  4.5096e-08  9.6275e-11     3084  386 3084     2    11      3  7367  3.2e-07        -
1208  4.5452e-08  4.8137e-11     3098  389 3098     2    11      3  7399  3.5e-09        -
1212   4.575e-08  7.6863e-11 out 3111  391 3111     2    11      3  7432  2.3e-08        -
1217  4.6048e-08  4.8137e-11     3121  393 3121     2    11      3  7452    2e-08        -
1224  4.6365e-08  5.7451e-11     3135  395 3135     2    11      3  7478  2.7e-08        -
1228  4.6578e-08  7.7647e-11     3147  398 3147     2    11      3  7504  2.2e-09        -
1236   4.697e-08  3.0295e-11     3163  400 3163     2    11      3  7531    2e-08        -
1243  4.7318e-08  6.8232e-11     3177  403 3177     2    11      3  7557  1.4e-08        -
1249   4.767e-08  5.6768e-11     3193  405 3193     2    11      3  7593  7.2e-08        -
1255  4.7909e-08  3.9848e-11     3209  407 3209     2    11      3  7629  1.7e-08        -
1262  4.8201e-08  4.8858e-11     3224  409 3224     2    11      3  7658  1.4e-07        -
1269    4.85e-08  2.7285e-11 out 3243  410 3243     2    11      3  7705  1.4e-09        -
----       当前进度:  45 % - 正在组装残差
1274   4.875e-08  4.3146e-11 out 3257  413 3257     2    11      3  7737  1.9e-09        -
1279  4.8961e-08  3.8708e-11     3271  414 3271     2    11      3  7767  1.2e-09        -
1284   4.925e-08  4.7585e-11 out 3281  417 3281     2    11      3  7787    9e-09        -
1291   4.956e-08  5.9661e-11     3295  419 3295     2    11      3  7813  7.3e-09        -
1298  4.9946e-08  5.3984e-11     3313  422 3313     2    11      3  7851  5.2e-07        -
1303  5.0206e-08  4.4025e-11     3327  424 3327     2    11      3  7880  5.6e-10        -
1309  5.0463e-08  3.6951e-11     3343  426 3343     2    11      3  7906  6.3e-08        -
1314   5.075e-08  5.1098e-11 out 3357  430 3357     2    11      3  7934  1.9e-09        -
1320  5.1048e-08  4.8353e-11     3375  430 3375     2    11      3  7970  2.4e-08        -
1326  5.1307e-08  5.6589e-11     3393  432 3393     2    11      3  8005  2.8e-09        -
1330    5.15e-08  4.0116e-11 out 3405  434 3405     2    11      3  8032  6.5e-10        -
1336  5.1725e-08   2.471e-11     3417  435 3417     2    11      3  8054  5.2e-07        -
1342  5.1974e-08  2.6162e-11     3429  437 3429     2    11      3  8076  6.8e-07        -
1348   5.225e-08  4.6515e-11 out 3447  439 3447     2    11      3  8117  1.4e-09        -
1353  5.2468e-08   3.197e-11     3461  441 3461     2    11      3  8148    4e-07        -
1359  5.2811e-08   6.106e-11     3477  443 3477     2    11      3  8186  2.4e-07        -
1364  5.3067e-08   6.682e-11     3490  445 3490     2    11      3  8214  6.7e-09        -
1369  5.3366e-08   5.818e-11     3504  447 3504     2    11      3  8245  7.6e-07        -
1375    5.37e-08   4.954e-11     3516  450 3516     2    11      3  8267  1.7e-07        -
1382     5.4e-08   2.592e-11 out 3530  451 3530     2    11      3  8291    3e-08        -
1392   5.575e-08     2.5e-10 out 3540  454 3540     2    11      3  8291        0        -
1407    5.95e-08     2.5e-10 out 3555  454 3555     2    11      3  8291        0        -
1422   6.325e-08     2.5e-10 out 3570  454 3570     2    11      3  8291        0        -
1438   6.725e-08     2.5e-10 out 3586  454 3586     2    11      3  8291        0        -
1455    7.15e-08     2.5e-10 out 3603  454 3603     2    11      3  8291        0        -
1471    7.55e-08     2.5e-10 out 3619  454 3619     2    11      3  8291        0        -
1486   7.925e-08     2.5e-10 out 3634  454 3634     2    11      3  8291        0        -
1503    8.35e-08     2.5e-10 out 3651  454 3651     2    11      3  8291        0        -
1519    8.75e-08     2.5e-10 out 3667  454 3667     2    11      3  8291        0        -
1535    9.15e-08     2.5e-10 out 3683  454 3683     2    11      3  8291        0        -
1552   9.575e-08     2.5e-10 out 3700  454 3700     2    11      3  8291        0        -
1569       1e-07     2.5e-10 out 3717  454 3717     2    11      3  8291        0        -
1579   1.025e-07     2.5e-10 out 3727  454 3727     2    11      3  8291        0        -
1594  1.0625e-07     2.5e-10 out 3742  454 3742     2    11      3  8291        0        -
1611   1.105e-07     2.5e-10 out 3759  454 3759     2    11      3  8291        0        -
1626  1.1425e-07     2.5e-10 out 3774  454 3774     2    11      3  8291        0        -
1642  1.1825e-07     2.5e-10 out 3790  454 3790     2    11      3  8291        0        -
1649     1.2e-07     2.5e-10 out 3797  454 3797     2    11      3  8291        0        -
---------- 当前进度: 100 % - 
求解时间：2 s。
物理内存: 904 MB
虚拟内存: 886 MB
结束时间：2026年9月3日 14:36:02。
----- Study 2 - Charged particle tracing time dependent/解 2 (sol2) 中的“瞬态求解器 1” >
           当前进度:   0 % - 
-----      当前进度:  52 % - 正在计算
Memory: 904/1039 887/1535
---------- 当前进度: 100 % - 正在计算
-          当前进度:  10 % - 正在绘制
---------  当前进度:  99 % - 正在计算
---        当前进度:  30 % - 生成图像
Memory: 903/1039 890/1535
           当前进度:   0 % - 正在绘制
Memory: 897/1039 884/1535
           当前进度:   9 % - 正在计算
-          当前进度:  10 % - 正在绘制
---------- 当前进度: 100 % - 正在绘制
Memory: 898/1039 884/1535
---        当前进度:  30 % - 生成图像
Memory: 966/1039 913/1535
           当前进度:   0 % - Study 2 - Charged particle tracing time dependent
Memory: 913/1039 896/1535
           当前进度:   3 % - Study 2 - Charged particle tracing time dependent
Memory: 914/1039 897/1535
<---- Study 2 - Charged particle tracing time dependent/解 2 (sol2) 中的“编译方程: 瞬态” -
开始于 2026年9月3日 14:36:04。
几何形函数: 二次拉格朗日单元
几何形函数: 二次拉格朗日单元
在 Intel64 Family 6 Model 186 Stepping 2, GenuineIntel 上运行。
在以下位置使用 1 个插槽： 陈红星 上（共 1 个内核）。
可用内存：15.90 GB。
           当前进度:   3 % - 编译方程: 瞬态
Memory: 916/1039 898/1535
           当前进度:   5 % - 编译方程: 瞬态
Memory: 917/1039 899/1535
           当前进度:   5 % - 正在创建可视化网格
Memory: 918/1039 901/1535
时间：0。
物理内存: 918 MB
虚拟内存: 901 MB
结束时间：2026年9月3日 14:36:04。
----- Study 2 - Charged particle tracing time dependent/解 2 (sol2) 中的“编译方程: 瞬态” >
<---- Study 2 - Charged particle tracing time dependent/解 2 (sol2) 中的“因变量 1” ---
开始于 2026年9月3日 14:36:04。
不求解变量的值: 解 1 (sol1).
           当前进度:   5 % - 因变量 1
求解时间：0 s。
物理内存: 918 MB
虚拟内存: 901 MB
结束时间：2026年9月3日 14:36:04。
----- Study 2 - Charged particle tracing time dependent/解 2 (sol2) 中的“因变量 1” -->
<---- Study 2 - Charged particle tracing time dependent/解 2 (sol2) 中的“瞬态求解器 1” -
开始于 2026年9月3日 14:36:05。
瞬态求解器（广义 α）
求解的自由度数：4（加上 4 个内部自由度）。
找到非对称矩阵。
缩放因变量：
颗粒位置 (comp1.qcpt): 4.3e-08
粒子位置，phi 分量 (comp1.qphi): 1
粒子速度，phi 分量 (comp1.vphi): 3.7e-07
Step        Time    Stepsize      Res  Jac  Sol Order Tfail NLfail LinIt   LinErr   LinRes
   0           0           - out    2    3    2                  0     0        0        0
   1     1.5e-11     1.5e-11       18    7   18     2     0      3   126  1.4e-10        -
   8   2.225e-10    2.75e-11       37    9   37     2     0      3   175    8e-11        -
  12   3.193e-10  2.2275e-11       49   12   49     2     0      3   207  8.5e-09        -
  16  3.9167e-10  1.6238e-11       63   14   63     2     0      3   246  3.3e-18        -
  21  4.6345e-10  1.3153e-11       83   17   83     2     0      3   302    3e-12        -
  28  5.1932e-10  6.4394e-12       98   19   98     2     0      3   337  8.3e-07        -
  36  5.7083e-10  6.4394e-12      122   19  122     2     0      3   393  1.3e-09        -
  42  6.2106e-10  1.1591e-11      142   21  142     2     0      3   443  3.2e-09        -
  49  7.0104e-10  1.0432e-11      162   23  162     2     0      3   494  6.1e-10        -
  54  7.4482e-10  5.1824e-12      176   27  176     2     0      3   530  1.3e-07        -
  61  8.1219e-10  1.0365e-11      195   28  195     2     0      3   574  5.1e-09        -
  67  8.7438e-10  1.0365e-11      213   28  213     2     0      3   616  8.7e-09        -
  73  9.3657e-10  1.0365e-11      231   28  231     2     0      3   658  6.9e-09        -
  78  1.0249e-09  2.4856e-11      245   32  245     2     0      3   692  9.3e-07        -
  82  1.1158e-09  2.7268e-11      259   36  259     2     1      3   726  2.5e-07        -
  85  1.1984e-09  2.7496e-11      271   38  271     2     2      3   755  1.3e-07        -
  88  1.2758e-09  2.5791e-11      279   40  279     2     3      3   772  6.6e-10        -
  95  1.4563e-09  2.5791e-11      299   40  299     2     3      3   813  5.5e-07        -
 100  1.5655e-09  2.1838e-11      313   42  313     2     3      3   848  6.6e-12        -
 108  1.7342e-09  1.5812e-11      333   43  333     2     3      3   899  7.5e-10        -
 115  1.9397e-09  3.1623e-11      347   45  347     2     3      3   932  1.2e-11        -
 123  2.1808e-09   3.013e-11      371   45  371     2     3      3  1004  5.7e-19        -
 129  2.3673e-09  3.9092e-11      384   47  384     2     3      3  1035    4e-12        -
 135  2.5545e-09   2.727e-11      400   49  400     2     3      3  1073  5.7e-07        -
 143    2.75e-09   1.592e-11 out  416   50  416     2     3      3  1110  1.8e-08        -
 151       3e-09  2.9479e-11 out  434   51  434     2     3      3  1152  1.3e-18        -
 158  3.2064e-09  2.9479e-11      455   51  455     2     3      3  1215    1e-18        -
 164  3.3373e-09  2.1824e-11      471   53  471     2     3      3  1251  9.1e-08        -
 172  3.5268e-09  2.6793e-11      493   53  493     2     3      3  1307    8e-19        -
 177  3.6608e-09  2.6793e-11      513   53  513     2     3      3  1367  3.6e-19        -
 181    3.75e-09  1.7829e-11 out  529   55  529     2     3      3  1411  6.5e-10        -
 188   3.982e-09  1.8024e-11      543   57  543     2     3      3  1443  1.7e-10        -
 196    4.25e-09  3.4879e-11 out  559   58  559     2     3      3  1482  8.1e-19        -
 205  4.5407e-09  4.0728e-11      577   60  577     2     3      3  1530  2.9e-08        -
 213  4.7964e-09   2.318e-11      593   61  593     2     3      3  1566  9.2e-07        -
 221  4.9793e-09  2.0689e-11      610   61  610     2     3      3  1610  4.3e-19        -
 228  5.2284e-09  2.1555e-11      625   63  625     2     3      3  1647  9.5e-09        -
 235   5.472e-09     2.8e-11      639   65  639     2     3      3  1678  7.3e-09        -
 244   5.723e-09  2.6999e-11      657   65  657     2     3      3  1724  8.5e-19        -
 253   5.966e-09  2.6999e-11      675   65  675     2     3      3  1778  7.3e-19        -
-          当前进度:  11 % - 
Memory: 916/1039 899/1535
 257   6.068e-09  3.4012e-11      683   67  683     2     3      3  1795  2.1e-12        -
 263    6.25e-09  2.2964e-11 out  699   69  699     2     3      3  1835  2.2e-09        -
 272  6.4567e-09  2.2964e-11      717   69  717     2     3      3  1879  1.1e-12        -
 280    6.63e-09  2.1661e-11      738   69  738     2     3      3  1925  2.4e-07        -
 285  6.7333e-09  1.6697e-11      760   70  760     2     3      3  1980  6.7e-10        -
 291   6.917e-09  3.3393e-11      774   72  774     2     3      3  2010    4e-07        -
 296  7.0496e-09   2.482e-11      789   74  789     2     3      3  2046    1e-11        -
 303  7.2234e-09   2.482e-11      808   74  808     2     3      3  2086  9.1e-07        -
 310  7.3831e-09  2.6616e-11      822   76  822     2     3      3  2119  9.5e-12        -
 315     7.5e-09  1.8535e-11 out  839   78  839     2     3      3  2157  3.5e-08        -
 322  7.6297e-09  1.8535e-11      853   78  853     2     3      3  2192  2.7e-11        -
 328  7.7362e-09  1.3788e-11      870   79  870     2     3      3  2234  2.1e-08        -
 335  7.9155e-09  2.7577e-11      884   81  884     2     3      3  2267  3.4e-11        -
 341  8.0588e-09  2.9386e-11      896   83  896     2     3      3  2294  1.8e-10        -
 348    8.25e-09   2.215e-11 out  914   85  914     2     3      3  2339  1.3e-07        -
 357  8.4494e-09   2.215e-11      933   85  933     2     3      3  2385  1.4e-07        -
 363  8.5712e-09  2.8498e-11      946   87  946     2     3      3  2414  1.3e-11        -
 371  8.7681e-09  1.8131e-11      965   88  965     2     3      3  2456  4.3e-12        -
 381  8.9494e-09  1.8131e-11      986   88  986     2     3      3  2507  2.7e-11        -
 385  9.0324e-09  3.2422e-11      999   90  999     2     3      3  2538  1.1e-08        -
 388  9.1995e-09  5.0525e-11     1011   94 1011     2     4      3  2566  1.7e-08        -
 392  9.4315e-09  6.8466e-11     1025   98 1025     2     5      3  2598  1.6e-07        -
 397  9.6642e-09  6.1522e-11     1039  101 1039     2     5      3  2632  2.5e-07        -
 405       1e-08  3.9221e-11 out 1059  102 1059     2     5      3  2685  1.6e-19        -
 411  1.0223e-08  2.6948e-11     1079  105 1079     2     5      3  2736  5.7e-09        -
 416  1.0456e-08  4.4155e-11     1093  108 1093     2     5      3  2770  3.1e-08        -
 422  1.0713e-08  3.6689e-11     1109  110 1109     2     5      3  2810  9.9e-09        -
 430     1.1e-08  3.3277e-11 out 1129  111 1129     2     5      3  2862  4.7e-19        -
 435  1.1166e-08  3.3277e-11     1149  111 1149     2     5      3  2922  8.6e-19        -
 439    1.13e-08  5.0341e-11     1163  114 1163     2     5      3  2958  8.9e-08        -
 448  1.1724e-08  2.6022e-11     1181  115 1181     2     5      3  3006  1.7e-09        -
 455  1.2047e-08  4.6935e-11     1201  116 1201     2     5      3  3060  2.2e-19        -
 461  1.2312e-08  6.2259e-11     1219  118 1219     2     5      3  3108    2e-07        -
 469  1.2704e-08  4.5973e-11     1239  121 1239     2     5      3  3156  4.1e-08        -
 476     1.3e-08  3.3054e-11 out 1257  124 1257     2     5      3  3200  4.6e-09        -
 481  1.3309e-08  5.8892e-11     1271  127 1271     2     5      3  3234  3.7e-11        -
 488  1.3676e-08  6.5992e-11     1286  129 1286     2     5      3  3267  7.8e-08        -
 493  1.3945e-08  5.5399e-11     1300  133 1300     2     5      3  3298  4.1e-08        -
 499   1.425e-08  4.1901e-11 out 1318  135 1318     2     5      3  3340  1.7e-08        -
 508  1.4624e-08  4.1198e-11     1336  135 1336     2     5      3  3390  2.5e-18        -
 516  1.4926e-08  4.4011e-11     1353  137 1353     2     5      3  3432  1.7e-11        -
 523  1.5185e-08  3.6978e-11     1371  139 1371     2     5      3  3477  6.8e-11        -
 528  1.5348e-08  3.2555e-11     1385  141 1385     2     5      3  3509    3e-07        -
 534  1.5527e-08  2.7335e-11     1401  143 1401     2     5      3  3546  7.2e-07        -
 540  1.5793e-08  4.2995e-11     1417  146 1417     2     5      3  3585  1.1e-10        -
-          当前进度:  19 % - 
 546  1.6039e-08  3.9009e-11     1433  148 1433     2     5      3  3625  4.1e-11        -
 552   1.625e-08  2.7477e-11 out 1449  150 1449     2     5      3  3665  5.1e-09        -
 560  1.6586e-08  5.7663e-11     1465  153 1465     2     5      3  3700  2.4e-08        -
 567  1.6954e-08  4.5618e-11     1489  154 1489     2     5      3  3766  1.6e-09        -
 573  1.7216e-08  3.3764e-11     1505  156 1505     2     5      3  3805  3.1e-09        -
 580  1.7541e-08   4.059e-11     1519  159 1519     2     5      3  3836  2.9e-12        -
 588  1.7844e-08  4.7051e-11     1535  161 1535     2     5      3  3873  1.2e-11        -
 596  1.8202e-08  4.7753e-11     1555  164 1555     2     5      3  3920  1.6e-08        -
 604  1.8559e-08  5.8986e-11     1571  167 1571     2     5      3  3956  5.2e-08        -
 613  1.8933e-08   3.652e-11     1589  168 1589     2     5      3  3994  5.8e-08        -
 619  1.9135e-08  3.3699e-11     1613  168 1613     2     5      3  4066  5.2e-19        -
 626  1.9393e-08  4.7806e-11     1630  170 1630     2     5      3  4108  2.5e-11        -
 633  1.9713e-08  3.6835e-11     1644  173 1644     2     5      3  4139  8.7e-09        -
 638       2e-08  5.1331e-11 out 1658  176 1658     2     5      3  4172  1.6e-08        -
 646  2.0394e-08  4.8004e-11     1682  176 1682     2     5      3  4241  7.4e-20        -
 653  2.0712e-08  3.8023e-11     1697  179 1697     2     5      3  4276  1.5e-09        -
 661  2.1147e-08  4.8954e-11     1713  181 1713     2     5      3  4310  6.9e-11        -
 668  2.1456e-08  4.3727e-11     1731  184 1731     2     5      3  4353  1.1e-08        -
 672  2.1691e-08   5.941e-11     1743  187 1743     2     5      3  4382  8.3e-08        -
 679  2.2072e-08  7.1771e-11     1757  190 1757     2     5      3  4413  2.1e-07        -
 686  2.2455e-08  4.5156e-11     1779  193 1779     2     5      3  4469  5.4e-08        -
 692  2.2715e-08  3.4688e-11     1795  195 1795     2     5      3  4508  1.5e-08        -
 697     2.3e-08  5.5623e-11 out 1809  199 1809     2     5      3  4541  5.7e-08        -
 704  2.3333e-08  4.1565e-11     1827  201 1827     2     5      3  4585  2.3e-11        -
 710  2.3542e-08  4.2176e-11     1839  203 1839     2     5      3  4612  1.4e-08        -
 717  2.3904e-08  7.3167e-11     1859  205 1859     2     5      3  4664  4.3e-07        -
 725   2.425e-08  2.9464e-11 out 1875  207 1875     2     5      3  4700  4.5e-08        -
 731  2.4537e-08  3.6608e-11     1887  209 1887     2     5      3  4723  1.4e-07        -
 737  2.4945e-08  5.4912e-11     1911  211 1911     2     5      3  4787  1.5e-08        -
 742  2.5207e-08  4.2632e-11     1925  213 1925     2     5      3  4822  1.1e-08        -
 749    2.55e-08  3.9736e-11 out 1943  214 1943     2     5      3  4866  8.8e-07        -
 755  2.5724e-08  2.5659e-11     1965  215 1965     2     5      3  4925    1e-09        -
 763  2.6096e-08  4.8023e-11     1989  216 1989     2     5      3  4989  9.8e-19        -
 768  2.6308e-08  5.7908e-11     2003  218 2003     2     5      3  5025    2e-08        -
 775  2.6701e-08  4.8723e-11     2017  221 2017     2     5      3  5054  1.7e-08        -
 784   2.711e-08  5.5108e-11     2035  223 2035     2     5      3  5092  7.6e-07        -
 789  2.7335e-08  4.2339e-11     2049  225 2049     2     5      3  5125  5.7e-07        -
 796  2.7685e-08  6.4516e-11     2068  227 2068     2     5      3  5175  1.1e-08        -
 803  2.8121e-08  6.0484e-11     2086  228 2086     2     5      3  5223  7.1e-07        -
 807  2.8319e-08  6.8549e-11     2095  230 2095     2     5      3  5240    7e-07        -
 811  2.8613e-08   1.129e-10     2107  233 2107     2     5      3  5268  7.1e-07        -
 817     2.9e-08  5.6451e-11 out 2123  236 2123     2     5      3  5307  3.5e-07        -
 822   2.925e-08  4.0323e-11 out 2137  238 2137     2     5      3  5341  5.4e-09        -
 828  2.9669e-08  8.0646e-11     2153  242 2153     2     5      3  5378  1.7e-07        -
---        当前进度:  30 % - 正在组装残差
 834  3.0089e-08  8.8708e-11     2165  245 2165     2     5      3  5404  2.8e-07        -
 837  3.0331e-08  8.0646e-11     2175  247 2175     2     5      3  5429  3.5e-10        -
 844   3.075e-08  5.8469e-11 out 2189  250 2189     2     5      3  5458  7.1e-07        -
 850  3.1075e-08  7.4592e-11     2201  252 2201     2     5      3  5485  4.6e-08        -
 855  3.1425e-08  7.4592e-11     2219  256 2219     2     5      3  5530    2e-08        -
 860   3.175e-08  5.0408e-11 out 2233  259 2233     2     5      3  5563  8.1e-10        -
 865  3.2175e-08  7.5102e-11     2248  261 2248     2     5      3  5596  1.2e-08        -
 872   3.265e-08  9.9796e-11     2262  264 2262     2     5      3  5625  6.2e-07        -
 881    3.31e-08  4.9771e-11     2280  265 2280     2     5      3  5669  5.2e-20        -
 887  3.3352e-08  5.0918e-11     2292  267 2292     2     5      3  5697  1.1e-07        -
 895  3.3722e-08  2.7754e-11     2314  268 2314     2     5      3  5759  6.4e-10        -
 901     3.4e-08  4.1739e-11 out 2330  271 2330     2     5      3  5795  3.5e-09        -
 907  3.4458e-08  4.1739e-11     2342  273 2342     2     5      3  5827  2.7e-09        -
 914  3.4958e-08  4.1739e-11     2356  275 2356     2     5      3  5863    1e-09        -
 921  3.5458e-08  4.1739e-11     2370  277 2370     2     5      3  5895  3.6e-10        -
 926  3.5833e-08  8.3261e-11     2381  278 2381     2     5      3  5918  4.5e-07        -
 933  3.6333e-08  8.3261e-11     2395  280 2395     2     5      3  5951    8e-07        -
 941  3.6917e-08  8.3261e-11     2411  282 2411     2     5      3  5993  1.1e-18        -
 949  3.7458e-08  4.1739e-11     2427  285 2427     2     5      3  6033  3.4e-09        -
 957     3.8e-08  4.1739e-11 out 2443  287 2443     2     5      3  6073  3.1e-08        -
 965  3.8583e-08  8.3477e-11     2459  290 2459     2     5      3  6113  6.3e-08        -
 972  3.9083e-08  8.3477e-11     2473  292 2473     2     5      3  6144  9.4e-09        -
 980  3.9667e-08  8.3261e-11     2489  294 2489     2     5      3  6179  1.1e-07        -
 988   4.025e-08  8.3261e-11 out 2505  296 2505     2     5      3  6217  6.9e-07        -
 995   4.075e-08  8.3261e-11 out 2519  298 2519     2     5      3  6252  3.1e-18        -
1002   4.125e-08  8.3261e-11 out 2533  300 2533     2     5      3  6288    4e-18        -
1009   4.175e-08  8.3261e-11 out 2547  302 2547     2     5      3  6324  1.5e-18        -
1015  4.2167e-08  8.3261e-11     2559  304 2559     2     5      3  6351  5.9e-07        -
1023   4.275e-08  8.3261e-11 out 2575  306 2575     2     5      3  6388  9.4e-08        -
1031  4.3333e-08  8.3261e-11     2591  308 2591     2     5      3  6423  2.4e-08        -
1038  4.3833e-08  8.3261e-11     2605  310 2605     2     5      3  6454  5.2e-07        -
1045  4.4333e-08  8.3261e-11     2619  312 2619     2     5      3  6486  5.4e-07        -
1053  4.4917e-08  8.3261e-11     2635  314 2635     2     5      3  6523  6.8e-07        -
1061  4.5458e-08  4.1739e-11     2651  317 2651     2     5      3  6559  2.9e-09        -
1068  4.5958e-08  4.1739e-11     2665  319 2665     2     5      3  6591  1.1e-09        -
1076    4.65e-08  4.1739e-11 out 2681  321 2681     2     5      3  6624  7.3e-07        -
1083     4.7e-08  4.1739e-11 out 2695  323 2695     2     5      3  6653  8.4e-07        -
1089  4.7458e-08  4.1739e-11     2707  325 2707     2     5      3  6681    1e-09        -
1097     4.8e-08  4.1739e-11 out 2723  327 2723     2     5      3  6716  5.7e-09        -
1105  4.8583e-08  8.3477e-11     2739  330 2739     2     5      3  6752  1.2e-07        -
1112  4.9083e-08  8.3477e-11     2753  332 2753     2     5      3  6784  5.8e-08        -
1120  4.9667e-08  8.3261e-11     2769  334 2769     2     5      3  6820  8.5e-08        -
1128   5.025e-08  8.3261e-11 out 2785  336 2785     2     5      3  6855  3.8e-09        -
1134  5.0667e-08  8.3261e-11     2798  338 2798     2     5      3  6882  2.8e-08        -
1141  5.1167e-08  8.3261e-11     2812  340 2812     2     5      3  6911  4.4e-08        -
1148  5.1667e-08  8.3261e-11     2826  342 2826     2     5      3  6942    2e-07        -
1156   5.225e-08  8.3261e-11 out 2842  344 2842     2     5      3  6978  2.3e-07        -
----       当前进度:  48 % - 正在组装残差
1163   5.275e-08  8.3261e-11 out 2856  346 2856     2     5      3  7009  1.1e-07        -
1170   5.325e-08  8.3261e-11 out 2870  348 2870     2     5      3  7040  9.9e-08        -
1178  5.3833e-08  8.3261e-11     2886  350 2886     2     5      3  7073  2.4e-08        -
1186  5.4417e-08  8.3261e-11     2902  352 2902     2     5      3  7108  3.1e-09        -
1194  5.4958e-08  4.1739e-11     2918  355 2918     2     5      3  7140  3.6e-08        -
1201  5.5458e-08  4.1739e-11     2932  357 2932     2     5      3  7170  9.4e-07        -
1208  5.5958e-08  4.1739e-11     2946  359 2946     2     5      3  7200  1.8e-07        -
1216    5.65e-08  4.1739e-11 out 2962  361 2962     2     5      3  7234  1.5e-07        -
1222  5.6958e-08  4.1739e-11     2974  363 2974     2     5      3  7260  7.5e-09        -
1230    5.75e-08  4.1739e-11 out 2990  365 2990     2     5      3  7291  6.4e-08        -
1237     5.8e-08  4.1739e-11 out 3007  367 3007     2     5      3  7324  8.7e-08        -
1244    5.85e-08  4.1739e-11 out 3021  369 3021     2     5      3  7354  4.6e-07        -
1251     5.9e-08  4.1739e-11 out 3035  371 3035     2     5      3  7381  8.5e-09        -
1258    5.95e-08  4.1739e-11 out 3049  373 3049     2     5      3  7409  7.2e-07        -
1264  5.9958e-08  4.1739e-11     3061  375 3061     2     5      3  7434  6.6e-07        -
1272     6.1e-08     2.5e-10 out 3072  377 3072     2     5      3  7445        0        -
1290    6.55e-08     2.5e-10 out 3090  377 3090     2     5      3  7445        0        -
1307   6.975e-08     2.5e-10 out 3107  377 3107     2     5      3  7445        0        -
1325   7.425e-08     2.5e-10 out 3125  377 3125     2     5      3  7445        0        -
1343   7.875e-08     2.5e-10 out 3143  377 3143     2     5      3  7445        0        -
1361   8.325e-08     2.5e-10 out 3161  377 3161     2     5      3  7445        0        -
1379   8.775e-08     2.5e-10 out 3179  377 3179     2     5      3  7445        0        -
1395   9.175e-08     2.5e-10 out 3195  377 3195     2     5      3  7445        0        -
1412     9.6e-08     2.5e-10 out 3212  377 3212     2     5      3  7445        0        -
1425   9.925e-08     2.5e-10 out 3225  377 3225     2     5      3  7445        0        -
1442   1.035e-07     2.5e-10 out 3242  377 3242     2     5      3  7445        0        -
1456    1.07e-07     2.5e-10 out 3256  377 3256     2     5      3  7445        0        -
1470   1.105e-07     2.5e-10 out 3270  377 3270     2     5      3  7445        0        -
1485  1.1425e-07     2.5e-10 out 3285  377 3285     2     5      3  7445        0        -
1500    1.18e-07     2.5e-10 out 3300  377 3300     2     5      3  7445        0        -
1508     1.2e-07     2.5e-10 out 3308  377 3308     2     5      3  7445        0        -
---------- 当前进度: 100 % - 
求解时间：1 s。
物理内存: 916 MB
虚拟内存: 899 MB
结束时间：2026年9月3日 14:36:06。
----- Study 2 - Charged particle tracing time dependent/解 2 (sol2) 中的“瞬态求解器 1” >
           当前进度:   0 % - 
Memory: 898/1039 881/1535
------     当前进度:  65 % - 正在计算
---------- 当前进度: 100 % - 正在计算
-          当前进度:  10 % - 正在绘制
---------  当前进度:  99 % - 正在计算
Memory: 899/1039 881/1535
---        当前进度:  30 % - 生成图像
Memory: 943/1039 907/1535
           当前进度:   0 % - 正在绘制
Memory: 918/1039 901/1535
           当前进度:   9 % - 正在计算
-          当前进度:  10 % - 正在绘制
---------- 当前进度: 100 % - 正在绘制
---        当前进度:  30 % - 生成图像
Memory: 942/1039 920/1535
类运行时: 40 s.
总时间: 40 s.
