*******************************************
***COMSOL 6.4.0.293 progress output file***
*******************************************
Fri Sep 04 00:02:48 CST 2026
COMSOL Multiphysics 6.4 (开发版本: 293) 在批处理模式下启动
正在运行: E:\imp\imp\project\muon-ion_beam\stage1_3d_feasibility\scripts\BuildStage1_3D.class
BUILD_STAGE1_3D_ROOT=E:\imp\imp\project\muon-ion_beam\stage1_3d_feasibility
BUILD_STAGE1_3D_STOPPING_FILE=E:\imp\imp\project\muon-ion_beam\muon\ne\comsol_muNe_SN.txt
BUILD_STAGE1_3D_PHASE=CREATE_MODEL
---------- 当前进度: 100 % - 正在更新选择
Memory: 366/370 375/379
           当前进度:   0 % - Grounded outer shell / bore boundary
Memory: 386/387 395/395
           当前进度:   4 % - Uniform Ne gas volume before electrode subtraction
Memory: 392/392 395/395
           当前进度:   8 % - Representative alumina dielectric liner
           当前进度:   8 % - 执行布尔操作
Memory: 395/395 396/396
-----      当前进度:  50 % - V1 electrode outer blank
-----      当前进度:  54 % - V1 aperture cutter
Memory: 396/396 396/396
-----      当前进度:  58 % - V1 finite-thickness annular electrode
Memory: 396/396 397/397
-----      当前进度:  58 % - 执行布尔操作
           当前进度:   0 % - V1 electrode, 1 mm rounded edges

/***************/
/*****错误********/
/***************/
运行 Java 类时出错。
在“几何 1”中构建“V1 electrode, 1 mm rounded edges”时出错：
必须提供输入实体。
 - 属性: 边
必须提供输入实体。
 - 类: BuildStage1_3D
总时间: 10 s.
