*******************************************
***COMSOL 6.4.0.293 progress output file***
*******************************************
Fri Sep 04 00:07:12 CST 2026
COMSOL Multiphysics 6.4 (开发版本: 293) 在批处理模式下启动
正在运行: E:\imp\imp\project\muon-ion_beam\stage1_3d_feasibility\scripts\BuildStage1_3D.class
BUILD_STAGE1_3D_ROOT=E:\imp\imp\project\muon-ion_beam\stage1_3d_feasibility
BUILD_STAGE1_3D_STOPPING_FILE=E:\imp\imp\project\muon-ion_beam\muon\ne\comsol_muNe_SN.txt
BUILD_STAGE1_3D_PHASE=CREATE_MODEL
---------- 当前进度: 100 % - 正在更新选择
Memory: 414/414 423/423
           当前进度:   0 % - Grounded outer shell / bore boundary
Memory: 422/422 431/431
           当前进度:   4 % - Uniform Ne gas volume before electrode subtraction
Memory: 433/433 437/437
           当前进度:   8 % - Representative alumina dielectric liner
Memory: 434/434 437/437
           当前进度:   8 % - 执行布尔操作
Memory: 438/438 440/440
-----      当前进度:  50 % - V1 electrode outer blank
-----      当前进度:  54 % - V1 aperture cutter
Memory: 439/439 440/440
-----      当前进度:  58 % - V1 finite-thickness annular electrode
-----      当前进度:  58 % - 执行布尔操作
           当前进度:   0 % - V1 electrode, 1 mm rounded edges
Memory: 440/440 441/441
GEOMETRY_ELECTRODE_ROUNDED=V1
           当前进度:   0 % - V2 electrode outer blank
Memory: 443/443 443/443
           当前进度:   8 % - V2 aperture cutter
-          当前进度:  17 % - V2 finite-thickness annular electrode
-          当前进度:  17 % - 执行布尔操作
           当前进度:   0 % - V2 electrode, 1 mm rounded edges
GEOMETRY_ELECTRODE_ROUNDED=V2
           当前进度:   0 % - V3 electrode outer blank
           当前进度:   8 % - V3 aperture cutter
Memory: 443/444 443/443
-          当前进度:  17 % - V3 finite-thickness annular electrode
Memory: 444/444 443/443
-          当前进度:  17 % - 执行布尔操作
           当前进度:   0 % - V3 electrode, 1 mm rounded edges
Memory: 444/444 444/444
GEOMETRY_ELECTRODE_ROUNDED=V3
           当前进度:   0 % - V4 electrode outer blank
Memory: 432/444 434/444
           当前进度:   8 % - V4 aperture cutter
Memory: 433/444 434/444
-          当前进度:  17 % - V4 finite-thickness annular electrode
-          当前进度:  17 % - 执行布尔操作
           当前进度:   0 % - V4 electrode, 1 mm rounded edges
Memory: 433/444 435/444
GEOMETRY_ELECTRODE_ROUNDED=V4
           当前进度:   0 % - Ne gas domain excluding four electrode solids
Memory: 434/444 435/444

/***************/
/*****错误********/
/***************/
运行 Java 类时出错。
在“几何 1”中构建“Ne gas domain excluding four electrode solids”时出错：
必须提供输入对象。
 - 属性: input
必须提供输入对象。
 - 类: BuildStage1_3D
总时间: 10 s.
