SOLIDWORKS_MASTER_OUTPUT=E:\imp\imp\project\muon-ion_beam\stage1_3d_feasibility\cad\Stage1_Master_3D.SLDPRT
SOLIDWORKS_APP=CREATED
PART_DOCUMENT=CREATED
CHECKPOINT_SAVE=E:\imp\imp\project\muon-ion_beam\stage1_3d_feasibility\intermediate\solidworks_native_fillet_v1_v3_checkpoint.SLDPRT
CHECKPOINT_REOPEN_ERRORS=0
CHECKPOINT_REOPEN_WARNINGS=0
CHECKPOINT_REOPEN=SUCCESS
REVOLVED_BODY=V1 SUCCESS
REVOLVED_BODY=V2 SUCCESS
REVOLVED_BODY=V3 SUCCESS
REVOLVED_BODY=V4 SUCCESS
REVOLVED_BODY=GroundedShell SUCCESS
REVOLVED_BODY=DielectricLiner SUCCESS
SOLID_BODY_COUNT=6
CONFIG_SIM_3D=True
CONFIG_REPORT_3D=True
REPORT_DIRECTION_SKETCH=SUCCESS
SLDPRT_SAVE=SUCCESS
CONFIGURATIONS=3
MASTER_COMPLETE
