*******************************************
***COMSOL 6.4.0.293 progress output file***
*******************************************
Fri Sep 04 16:43:28 CST 2026
COMSOL Multiphysics 6.4 (开发版本: 293) 在批处理模式下启动
正在运行: E:\imp\imp\project\muon-ion_beam\stage1_3d_feasibility\scripts\ImportStage1SolidWorksStep.class
---------- 当前进度: 100 % - 正在更新选择
Memory: 417/417 426/426
           当前进度:   0 % - SolidWorks Stage1_Master_3D STEP
Memory: 429/430 438/438
           当前进度:   0 % - 正在导入“STEP”
Memory: 433/433 441/443
Header : Author::Unknown
Header : Authorization::Unknown
Header : Description::STEP AP203
Header : File Name::Stage1_Master_3D.step
Header : Implementation Level::1
Header : Organization::Unknown
Header : Originating System::SolidWorks 2025
Header : Preprocessor Version::SwSTEP 2.0
Header : Schema::CONFIG_CONTROL_DESIGN
Header : Time Stamp::2026-09-04T08:33:09
Begin CAD File Read 'E:/imp/imp/project/muon-ion_beam/stage1_3d_feasibility/cad/Stage1_Master_3D.step'
  
      Summary of STEP Entities
  
Entity Type                                                   Count
-----------                                                   ------
advanced_brep_shape_representation .......................:   1
advanced_face ............................................:   32
application_context ......................................:   2
application_protocol_definition ..........................:   2
applied_approval_assignment ..............................:   3
applied_date_and_time_assignment .........................:   2
applied_person_and_organization_assignment ...............:   5
applied_security_classification_assignment ...............:   1
approval .................................................:   3
approval_date_time .......................................:   3
approval_person_organization .............................:   3
approval_role ............................................:   3
approval_status ..........................................:   3
axis2_placement_3d .......................................:   73
calendar_date ............................................:   5
cartesian_point ..........................................:   137
circle ...................................................:   40
closed_shell .............................................:   6
conical_surface ..........................................:   8
coordinated_universal_time_offset ........................:   5
cylindrical_surface ......................................:   16
date_and_time ............................................:   5
date_time_role ...........................................:   2
direction ................................................:   170
edge_curve ...............................................:   64
edge_loop ................................................:   40
face_bound ...............................................:   8
face_outer_bound .........................................:   32
geometric_representation_context_and_global_uncertainty_a :   1
length_unit_and_si_unit ..................................:   1
line .....................................................:   24
local_time ...............................................:   5
manifold_solid_brep ......................................:   6
organization .............................................:   1
oriented_edge ............................................:   128
person ...................................................:   1
person_and_organization ..................................:   8
person_and_organization_role .............................:   5
plane ....................................................:   8
plane_angle_unit_and_si_unit .............................:   1
product ..................................................:   1
product_context ..........................................:   1
product_definition .......................................:   1
product_definition_context ...............................:   1
product_definition_formation_with_specified_source .......:   1
product_definition_shape .................................:   1
product_related_product_category .........................:   1
security_classification ..................................:   1
security_classification_level ............................:   1
shape_definition_representation ..........................:   1
si_unit_and_solid_angle_unit .............................:   1
uncertainty_measure_with_unit ............................:   1
vector ...................................................:   24
vertex_point ....................................................................:   40
f 
           当前进度:   4 % - 正在导入“STEP”
ace_bound ...............................................:   8
face_outer_bound .........................................:   32
geometric_representation_context_and_global_uncertainty_a :   1
length_unit_and_si_unit ..................................:   1
line .....................................................:   24
local_time ...............................................:   5
manifold_solid_brep ......................................:   6
organization .............................................:   1
oriented_edge ............................................:   128
person ...................................................:   1
person_and_organization ..................................:   8
person_and_organization_role .............................:   5
plane ....................................................:   8
plane_angle_unit_and_si_unit .............................:   1
product ..................................................:   1
product_context ..........................................:   1
product_definition .......................................:   1
product_definition_context ...............................:   1
product_definition_formation_with_specified_source .......:   1
product_definition_shape .................................:   1
product_related_product_category .........................:   1
security_classification ..................................:   1
security_classification_level ............................:   1
shape_definition_representation ..........................:   1
si_unit_and_solid_angle_unit .............................:   1
uncertainty_measure_with_unit ............................:   1
vector ...................................................:   24
vertex_point .............................................:   40
                                                             -------
Total                                                         939
--         当前进度:  25 % - 正在导入“STEP”
Memory: 435/435 442/443
----       当前进度:  42 % - 正在应用变换
Memory: 440/440 443/444
-----      当前进度:  50 % - 形成联合体
Memory: 442/442 444/444
-----      当前进度:  50 % - 执行布尔操作
Memory: 447/447 446/446
---------- 当前进度: 100 % - 正在更新选择
STEP_IMPORT=SUCCESS
STEP_PATH=E:\imp\imp\project\muon-ion_beam\stage1_3d_feasibility\cad\Stage1_Master_3D.step
GEOMETRY_FEATURES=[imp1, fin]
OUTPUT_MPH=E:\imp\imp\project\muon-ion_beam\stage1_3d_feasibility\comsol\stage1_solidworks_step_import_check.mph
STEP_IMPORT_CHECK_COMPLETE
类运行时: 6 s.
总时间: 6 s.
